[DB Load] Users count: 6, Players count: 6, Guilds count: 0
[WorldManager] Spawning hourly MVP bosses...
🧪 Bắt đầu kiểm thử toàn diện Hệ thống Đấu trường Boss Arena (TASK-031)...
[DB Load] Users count: 6, Players count: 6, Guilds count: 0
[DB Load] Users count: 6, Players count: 6, Guilds count: 0
[DB Load] Users count: 6, Players count: 6, Guilds count: 0
[DB Load] Users count: 7, Players count: 6, Guilds count: 0
[DB Load] Users count: 7, Players count: 7, Guilds count: 0
[DB Load] Users count: 8, Players count: 7, Guilds count: 0

--- 1. Static Audit & Auth Security ---
[DB Load] Users count: 8, Players count: 8, Guilds count: 0
[DB Load] Users count: 8, Players count: 8, Guilds count: 0
[DB Query] GET: SELECT * FROM users WHERE line_uid = ? AND session_token = ? | Args: ["test_arena_alice_1788067852735_tt4vh4","fake_tok"]
[DB Query] Users list: [{"line_uid":"local_3def32ad1401ab2a919db0305181d5eb","username":"test","password_hash":"03ac674216f3e15c761ee1a5e255f067953623c8b388b4459e13f978d7c846f4","session_token":"ee21aa7fdded989a466fd7582762d48c","role":"user"},{"line_uid":"local_3085dceb09b40b20a725b61eb0105964","username":"admin","password_hash":"240be518fabd2724ddb6f04eeb1da5967448d7e831c08c8fa822809f74c720a9","session_token":"ac850833580ffdce8b1252f0c336c931","role":"user"},{"line_uid":"local_a84ede713aed3eadf4e998002e217217","username":"Test","password_hash":"03ac674216f3e15c761ee1a5e255f067953623c8b388b4459e13f978d7c846f4","session_token":"11103b88e8bf75a72607c60b3ea3fcf3","role":"user"},{"line_uid":"local_8e474cf3230c4f09fb05ba1f7eb9a20c","username":"test1","password_hash":"03ac674216f3e15c761ee1a5e255f067953623c8b388b4459e13f978d7c846f4","session_token":"c858998f94a2803479b3f35531410cc1","role":"user"},{"line_uid":"local_fa9f5a625c3592346b072d0b5dedb750","username":"tester_1308","password_hash":"ef92b778bafe771e89245b89ecbc08a44a4e166c06659911881f383d4473e94f","session_token":"c40bc67032abfb643751d797444a9e98","role":"user"},{"line_uid":"local_921956963363062f1184fcbd4dd68564","username":"tester_1229","password_hash":"ef92b778bafe771e89245b89ecbc08a44a4e166c06659911881f383d4473e94f","session_token":"63a0332b622b5d59669fab962e068c86","role":"user"},{"line_uid":"test_arena_alice_1788067852735_tt4vh4","username":"alice_1788067852735_tt4vh4","password_hash":"h","session_token":"tok_alice_1788067852735_tt4vh4","role":"user"},{"line_uid":"test_arena_bob_1788067852735_tt4vh4","username":"bob_1788067852735_tt4vh4","password_hash":"h","session_token":"tok_bob_1788067852735_tt4vh4","role":"user"}]
[DB Query] Args: line_uid=test_arena_alice_1788067852735_tt4vh4 (type: string), token=fake_tok (type: string)
[DB Query] Match: undefined
[DB Load] Users count: 8, Players count: 8, Guilds count: 0
[DB Load] Users count: 8, Players count: 8, Guilds count: 0
[DB Query] GET: SELECT * FROM users WHERE line_uid = ? AND session_token = ? | Args: ["test_arena_alice_1788067852735_tt4vh4","tok_bob_1788067852735_tt4vh4"]
[DB Query] Users list: [{"line_uid":"local_3def32ad1401ab2a919db0305181d5eb","username":"test","password_hash":"03ac674216f3e15c761ee1a5e255f067953623c8b388b4459e13f978d7c846f4","session_token":"ee21aa7fdded989a466fd7582762d48c","role":"user"},{"line_uid":"local_3085dceb09b40b20a725b61eb0105964","username":"admin","password_hash":"240be518fabd2724ddb6f04eeb1da5967448d7e831c08c8fa822809f74c720a9","session_token":"ac850833580ffdce8b1252f0c336c931","role":"user"},{"line_uid":"local_a84ede713aed3eadf4e998002e217217","username":"Test","password_hash":"03ac674216f3e15c761ee1a5e255f067953623c8b388b4459e13f978d7c846f4","session_token":"11103b88e8bf75a72607c60b3ea3fcf3","role":"user"},{"line_uid":"local_8e474cf3230c4f09fb05ba1f7eb9a20c","username":"test1","password_hash":"03ac674216f3e15c761ee1a5e255f067953623c8b388b4459e13f978d7c846f4","session_token":"c858998f94a2803479b3f35531410cc1","role":"user"},{"line_uid":"local_fa9f5a625c3592346b072d0b5dedb750","username":"tester_1308","password_hash":"ef92b778bafe771e89245b89ecbc08a44a4e166c06659911881f383d4473e94f","session_token":"c40bc67032abfb643751d797444a9e98","role":"user"},{"line_uid":"local_921956963363062f1184fcbd4dd68564","username":"tester_1229","password_hash":"ef92b778bafe771e89245b89ecbc08a44a4e166c06659911881f383d4473e94f","session_token":"63a0332b622b5d59669fab962e068c86","role":"user"},{"line_uid":"test_arena_alice_1788067852735_tt4vh4","username":"alice_1788067852735_tt4vh4","password_hash":"h","session_token":"tok_alice_1788067852735_tt4vh4","role":"user"},{"line_uid":"test_arena_bob_1788067852735_tt4vh4","username":"bob_1788067852735_tt4vh4","password_hash":"h","session_token":"tok_bob_1788067852735_tt4vh4","role":"user"}]
[DB Query] Args: line_uid=test_arena_alice_1788067852735_tt4vh4 (type: string), token=tok_bob_1788067852735_tt4vh4 (type: string)
[DB Query] Match: undefined
  ✓ Xác thực bảo mật chặn 401 thành công 100%.

--- 2. Action: info & VIP Quota ---
[DB Load] Users count: 8, Players count: 8, Guilds count: 0
[DB Load] Users count: 8, Players count: 8, Guilds count: 0
[DB Query] GET: SELECT * FROM users WHERE line_uid = ? AND session_token = ? | Args: ["test_arena_alice_1788067852735_tt4vh4","tok_alice_1788067852735_tt4vh4"]
[DB Query] Users list: [{"line_uid":"local_3def32ad1401ab2a919db0305181d5eb","username":"test","password_hash":"03ac674216f3e15c761ee1a5e255f067953623c8b388b4459e13f978d7c846f4","session_token":"ee21aa7fdded989a466fd7582762d48c","role":"user"},{"line_uid":"local_3085dceb09b40b20a725b61eb0105964","username":"admin","password_hash":"240be518fabd2724ddb6f04eeb1da5967448d7e831c08c8fa822809f74c720a9","session_token":"ac850833580ffdce8b1252f0c336c931","role":"user"},{"line_uid":"local_a84ede713aed3eadf4e998002e217217","username":"Test","password_hash":"03ac674216f3e15c761ee1a5e255f067953623c8b388b4459e13f978d7c846f4","session_token":"11103b88e8bf75a72607c60b3ea3fcf3","role":"user"},{"line_uid":"local_8e474cf3230c4f09fb05ba1f7eb9a20c","username":"test1","password_hash":"03ac674216f3e15c761ee1a5e255f067953623c8b388b4459e13f978d7c846f4","session_token":"c858998f94a2803479b3f35531410cc1","role":"user"},{"line_uid":"local_fa9f5a625c3592346b072d0b5dedb750","username":"tester_1308","password_hash":"ef92b778bafe771e89245b89ecbc08a44a4e166c06659911881f383d4473e94f","session_token":"c40bc67032abfb643751d797444a9e98","role":"user"},{"line_uid":"local_921956963363062f1184fcbd4dd68564","username":"tester_1229","password_hash":"ef92b778bafe771e89245b89ecbc08a44a4e166c06659911881f383d4473e94f","session_token":"63a0332b622b5d59669fab962e068c86","role":"user"},{"line_uid":"test_arena_alice_1788067852735_tt4vh4","username":"alice_1788067852735_tt4vh4","password_hash":"h","session_token":"tok_alice_1788067852735_tt4vh4","role":"user"},{"line_uid":"test_arena_bob_1788067852735_tt4vh4","username":"bob_1788067852735_tt4vh4","password_hash":"h","session_token":"tok_bob_1788067852735_tt4vh4","role":"user"}]
[DB Query] Args: line_uid=test_arena_alice_1788067852735_tt4vh4 (type: string), token=tok_alice_1788067852735_tt4vh4 (type: string)
[DB Query] Match: {"line_uid":"test_arena_alice_1788067852735_tt4vh4","username":"alice_1788067852735_tt4vh4","password_hash":"h","session_token":"tok_alice_1788067852735_tt4vh4","role":"user"}
[DB Load] Users count: 8, Players count: 8, Guilds count: 0
[DB Query] GET: SELECT * FROM players WHERE line_uid = ? | Args: ["test_arena_alice_1788067852735_tt4vh4"]
[DB Load] Users count: 8, Players count: 8, Guilds count: 0
[DB Load] Users count: 8, Players count: 8, Guilds count: 0
[DB Load] Users count: 8, Players count: 8, Guilds count: 0
[DB Query] GET: SELECT * FROM users WHERE line_uid = ? AND session_token = ? | Args: ["test_arena_bob_1788067852735_tt4vh4","tok_bob_1788067852735_tt4vh4"]
[DB Query] Users list: [{"line_uid":"local_3def32ad1401ab2a919db0305181d5eb","username":"test","password_hash":"03ac674216f3e15c761ee1a5e255f067953623c8b388b4459e13f978d7c846f4","session_token":"ee21aa7fdded989a466fd7582762d48c","role":"user"},{"line_uid":"local_3085dceb09b40b20a725b61eb0105964","username":"admin","password_hash":"240be518fabd2724ddb6f04eeb1da5967448d7e831c08c8fa822809f74c720a9","session_token":"ac850833580ffdce8b1252f0c336c931","role":"user"},{"line_uid":"local_a84ede713aed3eadf4e998002e217217","username":"Test","password_hash":"03ac674216f3e15c761ee1a5e255f067953623c8b388b4459e13f978d7c846f4","session_token":"11103b88e8bf75a72607c60b3ea3fcf3","role":"user"},{"line_uid":"local_8e474cf3230c4f09fb05ba1f7eb9a20c","username":"test1","password_hash":"03ac674216f3e15c761ee1a5e255f067953623c8b388b4459e13f978d7c846f4","session_token":"c858998f94a2803479b3f35531410cc1","role":"user"},{"line_uid":"local_fa9f5a625c3592346b072d0b5dedb750","username":"tester_1308","password_hash":"ef92b778bafe771e89245b89ecbc08a44a4e166c06659911881f383d4473e94f","session_token":"c40bc67032abfb643751d797444a9e98","role":"user"},{"line_uid":"local_921956963363062f1184fcbd4dd68564","username":"tester_1229","password_hash":"ef92b778bafe771e89245b89ecbc08a44a4e166c06659911881f383d4473e94f","session_token":"63a0332b622b5d59669fab962e068c86","role":"user"},{"line_uid":"test_arena_alice_1788067852735_tt4vh4","username":"alice_1788067852735_tt4vh4","password_hash":"h","session_token":"tok_alice_1788067852735_tt4vh4","role":"user"},{"line_uid":"test_arena_bob_1788067852735_tt4vh4","username":"bob_1788067852735_tt4vh4","password_hash":"h","session_token":"tok_bob_1788067852735_tt4vh4","role":"user"}]
[DB Query] Args: line_uid=test_arena_bob_1788067852735_tt4vh4 (type: string), token=tok_bob_1788067852735_tt4vh4 (type: string)
[DB Query] Match: {"line_uid":"test_arena_bob_1788067852735_tt4vh4","username":"bob_1788067852735_tt4vh4","password_hash":"h","session_token":"tok_bob_1788067852735_tt4vh4","role":"user"}
[DB Load] Users count: 8, Players count: 8, Guilds count: 0
[DB Query] GET: SELECT * FROM players WHERE line_uid = ? | Args: ["test_arena_bob_1788067852735_tt4vh4"]
[DB Load] Users count: 8, Players count: 8, Guilds count: 0
  ✓ info trả về đúng định dạng hợp đồng và danh sách boss/locked theo level.

--- 3. Action: enter (Validations, One-Time Charge, Create arena_run) ---
[DB Load] Users count: 8, Players count: 8, Guilds count: 0
[DB Load] Users count: 8, Players count: 8, Guilds count: 0
[DB Query] GET: SELECT * FROM users WHERE line_uid = ? AND session_token = ? | Args: ["test_arena_bob_1788067852735_tt4vh4","tok_bob_1788067852735_tt4vh4"]
[DB Query] Users list: [{"line_uid":"local_3def32ad1401ab2a919db0305181d5eb","username":"test","password_hash":"03ac674216f3e15c761ee1a5e255f067953623c8b388b4459e13f978d7c846f4","session_token":"ee21aa7fdded989a466fd7582762d48c","role":"user"},{"line_uid":"local_3085dceb09b40b20a725b61eb0105964","username":"admin","password_hash":"240be518fabd2724ddb6f04eeb1da5967448d7e831c08c8fa822809f74c720a9","session_token":"ac850833580ffdce8b1252f0c336c931","role":"user"},{"line_uid":"local_a84ede713aed3eadf4e998002e217217","username":"Test","password_hash":"03ac674216f3e15c761ee1a5e255f067953623c8b388b4459e13f978d7c846f4","session_token":"11103b88e8bf75a72607c60b3ea3fcf3","role":"user"},{"line_uid":"local_8e474cf3230c4f09fb05ba1f7eb9a20c","username":"test1","password_hash":"03ac674216f3e15c761ee1a5e255f067953623c8b388b4459e13f978d7c846f4","session_token":"c858998f94a2803479b3f35531410cc1","role":"user"},{"line_uid":"local_fa9f5a625c3592346b072d0b5dedb750","username":"tester_1308","password_hash":"ef92b778bafe771e89245b89ecbc08a44a4e166c06659911881f383d4473e94f","session_token":"c40bc67032abfb643751d797444a9e98","role":"user"},{"line_uid":"local_921956963363062f1184fcbd4dd68564","username":"tester_1229","password_hash":"ef92b778bafe771e89245b89ecbc08a44a4e166c06659911881f383d4473e94f","session_token":"63a0332b622b5d59669fab962e068c86","role":"user"},{"line_uid":"test_arena_alice_1788067852735_tt4vh4","username":"alice_1788067852735_tt4vh4","password_hash":"h","session_token":"tok_alice_1788067852735_tt4vh4","role":"user"},{"line_uid":"test_arena_bob_1788067852735_tt4vh4","username":"bob_1788067852735_tt4vh4","password_hash":"h","session_token":"tok_bob_1788067852735_tt4vh4","role":"user"}]
[DB Query] Args: line_uid=test_arena_bob_1788067852735_tt4vh4 (type: string), token=tok_bob_1788067852735_tt4vh4 (type: string)
[DB Query] Match: {"line_uid":"test_arena_bob_1788067852735_tt4vh4","username":"bob_1788067852735_tt4vh4","password_hash":"h","session_token":"tok_bob_1788067852735_tt4vh4","role":"user"}
[DB Load] Users count: 8, Players count: 8, Guilds count: 0
[DB Query] GET: SELECT * FROM players WHERE line_uid = ? | Args: ["test_arena_bob_1788067852735_tt4vh4"]
[DB Load] Users count: 8, Players count: 8, Guilds count: 0
[DB Load] Users count: 8, Players count: 8, Guilds count: 0
[DB Query] GET: SELECT * FROM users WHERE line_uid = ? AND session_token = ? | Args: ["test_arena_bob_1788067852735_tt4vh4","tok_bob_1788067852735_tt4vh4"]
[DB Query] Users list: [{"line_uid":"local_3def32ad1401ab2a919db0305181d5eb","username":"test","password_hash":"03ac674216f3e15c761ee1a5e255f067953623c8b388b4459e13f978d7c846f4","session_token":"ee21aa7fdded989a466fd7582762d48c","role":"user"},{"line_uid":"local_3085dceb09b40b20a725b61eb0105964","username":"admin","password_hash":"240be518fabd2724ddb6f04eeb1da5967448d7e831c08c8fa822809f74c720a9","session_token":"ac850833580ffdce8b1252f0c336c931","role":"user"},{"line_uid":"local_a84ede713aed3eadf4e998002e217217","username":"Test","password_hash":"03ac674216f3e15c761ee1a5e255f067953623c8b388b4459e13f978d7c846f4","session_token":"11103b88e8bf75a72607c60b3ea3fcf3","role":"user"},{"line_uid":"local_8e474cf3230c4f09fb05ba1f7eb9a20c","username":"test1","password_hash":"03ac674216f3e15c761ee1a5e255f067953623c8b388b4459e13f978d7c846f4","session_token":"c858998f94a2803479b3f35531410cc1","role":"user"},{"line_uid":"local_fa9f5a625c3592346b072d0b5dedb750","username":"tester_1308","password_hash":"ef92b778bafe771e89245b89ecbc08a44a4e166c06659911881f383d4473e94f","session_token":"c40bc67032abfb643751d797444a9e98","role":"user"},{"line_uid":"local_921956963363062f1184fcbd4dd68564","username":"tester_1229","password_hash":"ef92b778bafe771e89245b89ecbc08a44a4e166c06659911881f383d4473e94f","session_token":"63a0332b622b5d59669fab962e068c86","role":"user"},{"line_uid":"test_arena_alice_1788067852735_tt4vh4","username":"alice_1788067852735_tt4vh4","password_hash":"h","session_token":"tok_alice_1788067852735_tt4vh4","role":"user"},{"line_uid":"test_arena_bob_1788067852735_tt4vh4","username":"bob_1788067852735_tt4vh4","password_hash":"h","session_token":"tok_bob_1788067852735_tt4vh4","role":"user"}]
[DB Query] Args: line_uid=test_arena_bob_1788067852735_tt4vh4 (type: string), token=tok_bob_1788067852735_tt4vh4 (type: string)
[DB Query] Match: {"line_uid":"test_arena_bob_1788067852735_tt4vh4","username":"bob_1788067852735_tt4vh4","password_hash":"h","session_token":"tok_bob_1788067852735_tt4vh4","role":"user"}
[DB Load] Users count: 8, Players count: 8, Guilds count: 0
[DB Query] GET: SELECT * FROM players WHERE line_uid = ? | Args: ["test_arena_bob_1788067852735_tt4vh4"]
[DB Load] Users count: 8, Players count: 8, Guilds count: 0
[DB Load] Users count: 8, Players count: 8, Guilds count: 0
[DB Query] GET: SELECT * FROM users WHERE line_uid = ? AND session_token = ? | Args: ["test_arena_alice_1788067852735_tt4vh4","tok_alice_1788067852735_tt4vh4"]
[DB Query] Users list: [{"line_uid":"local_3def32ad1401ab2a919db0305181d5eb","username":"test","password_hash":"03ac674216f3e15c761ee1a5e255f067953623c8b388b4459e13f978d7c846f4","session_token":"ee21aa7fdded989a466fd7582762d48c","role":"user"},{"line_uid":"local_3085dceb09b40b20a725b61eb0105964","username":"admin","password_hash":"240be518fabd2724ddb6f04eeb1da5967448d7e831c08c8fa822809f74c720a9","session_token":"ac850833580ffdce8b1252f0c336c931","role":"user"},{"line_uid":"local_a84ede713aed3eadf4e998002e217217","username":"Test","password_hash":"03ac674216f3e15c761ee1a5e255f067953623c8b388b4459e13f978d7c846f4","session_token":"11103b88e8bf75a72607c60b3ea3fcf3","role":"user"},{"line_uid":"local_8e474cf3230c4f09fb05ba1f7eb9a20c","username":"test1","password_hash":"03ac674216f3e15c761ee1a5e255f067953623c8b388b4459e13f978d7c846f4","session_token":"c858998f94a2803479b3f35531410cc1","role":"user"},{"line_uid":"local_fa9f5a625c3592346b072d0b5dedb750","username":"tester_1308","password_hash":"ef92b778bafe771e89245b89ecbc08a44a4e166c06659911881f383d4473e94f","session_token":"c40bc67032abfb643751d797444a9e98","role":"user"},{"line_uid":"local_921956963363062f1184fcbd4dd68564","username":"tester_1229","password_hash":"ef92b778bafe771e89245b89ecbc08a44a4e166c06659911881f383d4473e94f","session_token":"63a0332b622b5d59669fab962e068c86","role":"user"},{"line_uid":"test_arena_alice_1788067852735_tt4vh4","username":"alice_1788067852735_tt4vh4","password_hash":"h","session_token":"tok_alice_1788067852735_tt4vh4","role":"user"},{"line_uid":"test_arena_bob_1788067852735_tt4vh4","username":"bob_1788067852735_tt4vh4","password_hash":"h","session_token":"tok_bob_1788067852735_tt4vh4","role":"user"}]
[DB Query] Args: line_uid=test_arena_alice_1788067852735_tt4vh4 (type: string), token=tok_alice_1788067852735_tt4vh4 (type: string)
[DB Query] Match: {"line_uid":"test_arena_alice_1788067852735_tt4vh4","username":"alice_1788067852735_tt4vh4","password_hash":"h","session_token":"tok_alice_1788067852735_tt4vh4","role":"user"}
[DB Load] Users count: 8, Players count: 8, Guilds count: 0
[DB Query] GET: SELECT * FROM players WHERE line_uid = ? | Args: ["test_arena_alice_1788067852735_tt4vh4"]
[DB Load] Users count: 8, Players count: 8, Guilds count: 0
[DB Load] Users count: 8, Players count: 8, Guilds count: 0
[DB Load] Users count: 8, Players count: 8, Guilds count: 0
[DB Query] GET: SELECT * FROM players WHERE line_uid = ? | Args: ["test_arena_alice_1788067852735_tt4vh4"]
[DB Load] Users count: 8, Players count: 8, Guilds count: 0
[DB Load] Users count: 8, Players count: 8, Guilds count: 0
[DB Query] GET: SELECT * FROM users WHERE line_uid = ? AND session_token = ? | Args: ["test_arena_alice_1788067852735_tt4vh4","tok_alice_1788067852735_tt4vh4"]
[DB Query] Users list: [{"line_uid":"local_3def32ad1401ab2a919db0305181d5eb","username":"test","password_hash":"03ac674216f3e15c761ee1a5e255f067953623c8b388b4459e13f978d7c846f4","session_token":"ee21aa7fdded989a466fd7582762d48c","role":"user"},{"line_uid":"local_3085dceb09b40b20a725b61eb0105964","username":"admin","password_hash":"240be518fabd2724ddb6f04eeb1da5967448d7e831c08c8fa822809f74c720a9","session_token":"ac850833580ffdce8b1252f0c336c931","role":"user"},{"line_uid":"local_a84ede713aed3eadf4e998002e217217","username":"Test","password_hash":"03ac674216f3e15c761ee1a5e255f067953623c8b388b4459e13f978d7c846f4","session_token":"11103b88e8bf75a72607c60b3ea3fcf3","role":"user"},{"line_uid":"local_8e474cf3230c4f09fb05ba1f7eb9a20c","username":"test1","password_hash":"03ac674216f3e15c761ee1a5e255f067953623c8b388b4459e13f978d7c846f4","session_token":"c858998f94a2803479b3f35531410cc1","role":"user"},{"line_uid":"local_fa9f5a625c3592346b072d0b5dedb750","username":"tester_1308","password_hash":"ef92b778bafe771e89245b89ecbc08a44a4e166c06659911881f383d4473e94f","session_token":"c40bc67032abfb643751d797444a9e98","role":"user"},{"line_uid":"local_921956963363062f1184fcbd4dd68564","username":"tester_1229","password_hash":"ef92b778bafe771e89245b89ecbc08a44a4e166c06659911881f383d4473e94f","session_token":"63a0332b622b5d59669fab962e068c86","role":"user"},{"line_uid":"test_arena_alice_1788067852735_tt4vh4","username":"alice_1788067852735_tt4vh4","password_hash":"h","session_token":"tok_alice_1788067852735_tt4vh4","role":"user"},{"line_uid":"test_arena_bob_1788067852735_tt4vh4","username":"bob_1788067852735_tt4vh4","password_hash":"h","session_token":"tok_bob_1788067852735_tt4vh4","role":"user"}]
[DB Query] Args: line_uid=test_arena_alice_1788067852735_tt4vh4 (type: string), token=tok_alice_1788067852735_tt4vh4 (type: string)
[DB Query] Match: {"line_uid":"test_arena_alice_1788067852735_tt4vh4","username":"alice_1788067852735_tt4vh4","password_hash":"h","session_token":"tok_alice_1788067852735_tt4vh4","role":"user"}
[DB Load] Users count: 8, Players count: 8, Guilds count: 0
[DB Query] GET: SELECT * FROM players WHERE line_uid = ? | Args: ["test_arena_alice_1788067852735_tt4vh4"]
  ✓ enter xác thực, trừ tiền 1 lần, tạo arena_run thành công và không cộng EXP/Gold khống.

--- 4. Game Poll Combat Tick: WIN State (Server Authoritative) ---
[DB Load] Users count: 8, Players count: 8, Guilds count: 0
[DB Query] GET: SELECT * FROM users WHERE line_uid = ? AND session_token = ? | Args: ["test_arena_alice_1788067852735_tt4vh4","tok_alice_1788067852735_tt4vh4"]
[DB Query] Users list: [{"line_uid":"local_3def32ad1401ab2a919db0305181d5eb","username":"test","password_hash":"03ac674216f3e15c761ee1a5e255f067953623c8b388b4459e13f978d7c846f4","session_token":"ee21aa7fdded989a466fd7582762d48c","role":"user"},{"line_uid":"local_3085dceb09b40b20a725b61eb0105964","username":"admin","password_hash":"240be518fabd2724ddb6f04eeb1da5967448d7e831c08c8fa822809f74c720a9","session_token":"ac850833580ffdce8b1252f0c336c931","role":"user"},{"line_uid":"local_a84ede713aed3eadf4e998002e217217","username":"Test","password_hash":"03ac674216f3e15c761ee1a5e255f067953623c8b388b4459e13f978d7c846f4","session_token":"11103b88e8bf75a72607c60b3ea3fcf3","role":"user"},{"line_uid":"local_8e474cf3230c4f09fb05ba1f7eb9a20c","username":"test1","password_hash":"03ac674216f3e15c761ee1a5e255f067953623c8b388b4459e13f978d7c846f4","session_token":"c858998f94a2803479b3f35531410cc1","role":"user"},{"line_uid":"local_fa9f5a625c3592346b072d0b5dedb750","username":"tester_1308","password_hash":"ef92b778bafe771e89245b89ecbc08a44a4e166c06659911881f383d4473e94f","session_token":"c40bc67032abfb643751d797444a9e98","role":"user"},{"line_uid":"local_921956963363062f1184fcbd4dd68564","username":"tester_1229","password_hash":"ef92b778bafe771e89245b89ecbc08a44a4e166c06659911881f383d4473e94f","session_token":"63a0332b622b5d59669fab962e068c86","role":"user"},{"line_uid":"test_arena_alice_1788067852735_tt4vh4","username":"alice_1788067852735_tt4vh4","password_hash":"h","session_token":"tok_alice_1788067852735_tt4vh4","role":"user"},{"line_uid":"test_arena_bob_1788067852735_tt4vh4","username":"bob_1788067852735_tt4vh4","password_hash":"h","session_token":"tok_bob_1788067852735_tt4vh4","role":"user"}]
[DB Query] Args: line_uid=test_arena_alice_1788067852735_tt4vh4 (type: string), token=tok_alice_1788067852735_tt4vh4 (type: string)
[DB Query] Match: {"line_uid":"test_arena_alice_1788067852735_tt4vh4","username":"alice_1788067852735_tt4vh4","password_hash":"h","session_token":"tok_alice_1788067852735_tt4vh4","role":"user"}
[DB Load] Users count: 8, Players count: 8, Guilds count: 0
[DB Query] GET: SELECT * FROM players WHERE line_uid = ? | Args: ["test_arena_alice_1788067852735_tt4vh4"]
[DB Load] Users count: 8, Players count: 8, Guilds count: 0
[DB Load] Users count: 8, Players count: 8, Guilds count: 0
[DB Load] Users count: 8, Players count: 8, Guilds count: 0
[DB Query] GET: SELECT * FROM players WHERE line_uid = ? | Args: ["test_arena_alice_1788067852735_tt4vh4"]
[DB Load] Users count: 8, Players count: 8, Guilds count: 0
[DB Load] Users count: 8, Players count: 8, Guilds count: 0
[DB Query] GET: SELECT * FROM users WHERE line_uid = ? AND session_token = ? | Args: ["test_arena_alice_1788067852735_tt4vh4","tok_alice_1788067852735_tt4vh4"]
[DB Query] Users list: [{"line_uid":"local_3def32ad1401ab2a919db0305181d5eb","username":"test","password_hash":"03ac674216f3e15c761ee1a5e255f067953623c8b388b4459e13f978d7c846f4","session_token":"ee21aa7fdded989a466fd7582762d48c","role":"user"},{"line_uid":"local_3085dceb09b40b20a725b61eb0105964","username":"admin","password_hash":"240be518fabd2724ddb6f04eeb1da5967448d7e831c08c8fa822809f74c720a9","session_token":"ac850833580ffdce8b1252f0c336c931","role":"user"},{"line_uid":"local_a84ede713aed3eadf4e998002e217217","username":"Test","password_hash":"03ac674216f3e15c761ee1a5e255f067953623c8b388b4459e13f978d7c846f4","session_token":"11103b88e8bf75a72607c60b3ea3fcf3","role":"user"},{"line_uid":"local_8e474cf3230c4f09fb05ba1f7eb9a20c","username":"test1","password_hash":"03ac674216f3e15c761ee1a5e255f067953623c8b388b4459e13f978d7c846f4","session_token":"c858998f94a2803479b3f35531410cc1","role":"user"},{"line_uid":"local_fa9f5a625c3592346b072d0b5dedb750","username":"tester_1308","password_hash":"ef92b778bafe771e89245b89ecbc08a44a4e166c06659911881f383d4473e94f","session_token":"c40bc67032abfb643751d797444a9e98","role":"user"},{"line_uid":"local_921956963363062f1184fcbd4dd68564","username":"tester_1229","password_hash":"ef92b778bafe771e89245b89ecbc08a44a4e166c06659911881f383d4473e94f","session_token":"63a0332b622b5d59669fab962e068c86","role":"user"},{"line_uid":"test_arena_alice_1788067852735_tt4vh4","username":"alice_1788067852735_tt4vh4","password_hash":"h","session_token":"tok_alice_1788067852735_tt4vh4","role":"user"},{"line_uid":"test_arena_bob_1788067852735_tt4vh4","username":"bob_1788067852735_tt4vh4","password_hash":"h","session_token":"tok_bob_1788067852735_tt4vh4","role":"user"}]
[DB Query] Args: line_uid=test_arena_alice_1788067852735_tt4vh4 (type: string), token=tok_alice_1788067852735_tt4vh4 (type: string)
[DB Query] Match: {"line_uid":"test_arena_alice_1788067852735_tt4vh4","username":"alice_1788067852735_tt4vh4","password_hash":"h","session_token":"tok_alice_1788067852735_tt4vh4","role":"user"}
[DB Load] Users count: 8, Players count: 8, Guilds count: 0
[DB Query] GET: SELECT * FROM players WHERE line_uid = ? | Args: ["test_arena_alice_1788067852735_tt4vh4"]
[DB Load] Users count: 8, Players count: 8, Guilds count: 0
[DB Load] Users count: 8, Players count: 8, Guilds count: 0
[DB Load] Users count: 8, Players count: 8, Guilds count: 0
[DB Query] GET: SELECT * FROM players WHERE line_uid = ? | Args: ["test_arena_alice_1788067852735_tt4vh4"]
  ✓ Alice chiến thắng Boss qua 2 nhịp poll, nhận arena_reward, EXP/Gold đúng 1 lần.

--- 5. Game Poll Combat Tick: LOSE State (Player Defeated) ---
[DB Load] Users count: 8, Players count: 8, Guilds count: 0
[DB Load] Users count: 9, Players count: 8, Guilds count: 0
[DB Load] Users count: 9, Players count: 9, Guilds count: 0
[DB Load] Users count: 9, Players count: 9, Guilds count: 0
[DB Query] GET: SELECT * FROM users WHERE line_uid = ? AND session_token = ? | Args: ["test_arena_charlie_1788067852735_tt4vh4","tok_charlie_1788067852735_tt4vh4"]
[DB Query] Users list: [{"line_uid":"local_3def32ad1401ab2a919db0305181d5eb","username":"test","password_hash":"03ac674216f3e15c761ee1a5e255f067953623c8b388b4459e13f978d7c846f4","session_token":"ee21aa7fdded989a466fd7582762d48c","role":"user"},{"line_uid":"local_3085dceb09b40b20a725b61eb0105964","username":"admin","password_hash":"240be518fabd2724ddb6f04eeb1da5967448d7e831c08c8fa822809f74c720a9","session_token":"ac850833580ffdce8b1252f0c336c931","role":"user"},{"line_uid":"local_a84ede713aed3eadf4e998002e217217","username":"Test","password_hash":"03ac674216f3e15c761ee1a5e255f067953623c8b388b4459e13f978d7c846f4","session_token":"11103b88e8bf75a72607c60b3ea3fcf3","role":"user"},{"line_uid":"local_8e474cf3230c4f09fb05ba1f7eb9a20c","username":"test1","password_hash":"03ac674216f3e15c761ee1a5e255f067953623c8b388b4459e13f978d7c846f4","session_token":"c858998f94a2803479b3f35531410cc1","role":"user"},{"line_uid":"local_fa9f5a625c3592346b072d0b5dedb750","username":"tester_1308","password_hash":"ef92b778bafe771e89245b89ecbc08a44a4e166c06659911881f383d4473e94f","session_token":"c40bc67032abfb643751d797444a9e98","role":"user"},{"line_uid":"local_921956963363062f1184fcbd4dd68564","username":"tester_1229","password_hash":"ef92b778bafe771e89245b89ecbc08a44a4e166c06659911881f383d4473e94f","session_token":"63a0332b622b5d59669fab962e068c86","role":"user"},{"line_uid":"test_arena_alice_1788067852735_tt4vh4","username":"alice_1788067852735_tt4vh4","password_hash":"h","session_token":"tok_alice_1788067852735_tt4vh4","role":"user"},{"line_uid":"test_arena_bob_1788067852735_tt4vh4","username":"bob_1788067852735_tt4vh4","password_hash":"h","session_token":"tok_bob_1788067852735_tt4vh4","role":"user"},{"line_uid":"test_arena_charlie_1788067852735_tt4vh4","username":"charlie_1788067852735_tt4vh4","password_hash":"h","session_token":"tok_charlie_1788067852735_tt4vh4","role":"user"}]
[DB Query] Args: line_uid=test_arena_charlie_1788067852735_tt4vh4 (type: string), token=tok_charlie_1788067852735_tt4vh4 (type: string)
[DB Query] Match: {"line_uid":"test_arena_charlie_1788067852735_tt4vh4","username":"charlie_1788067852735_tt4vh4","password_hash":"h","session_token":"tok_charlie_1788067852735_tt4vh4","role":"user"}
[DB Load] Users count: 9, Players count: 9, Guilds count: 0
[DB Query] GET: SELECT * FROM players WHERE line_uid = ? | Args: ["test_arena_charlie_1788067852735_tt4vh4"]
[DB Load] Users count: 9, Players count: 9, Guilds count: 0
[DB Load] Users count: 9, Players count: 9, Guilds count: 0
[DB Query] GET: SELECT * FROM users WHERE line_uid = ? AND session_token = ? | Args: ["test_arena_charlie_1788067852735_tt4vh4","tok_charlie_1788067852735_tt4vh4"]
[DB Query] Users list: [{"line_uid":"local_3def32ad1401ab2a919db0305181d5eb","username":"test","password_hash":"03ac674216f3e15c761ee1a5e255f067953623c8b388b4459e13f978d7c846f4","session_token":"ee21aa7fdded989a466fd7582762d48c","role":"user"},{"line_uid":"local_3085dceb09b40b20a725b61eb0105964","username":"admin","password_hash":"240be518fabd2724ddb6f04eeb1da5967448d7e831c08c8fa822809f74c720a9","session_token":"ac850833580ffdce8b1252f0c336c931","role":"user"},{"line_uid":"local_a84ede713aed3eadf4e998002e217217","username":"Test","password_hash":"03ac674216f3e15c761ee1a5e255f067953623c8b388b4459e13f978d7c846f4","session_token":"11103b88e8bf75a72607c60b3ea3fcf3","role":"user"},{"line_uid":"local_8e474cf3230c4f09fb05ba1f7eb9a20c","username":"test1","password_hash":"03ac674216f3e15c761ee1a5e255f067953623c8b388b4459e13f978d7c846f4","session_token":"c858998f94a2803479b3f35531410cc1","role":"user"},{"line_uid":"local_fa9f5a625c3592346b072d0b5dedb750","username":"tester_1308","password_hash":"ef92b778bafe771e89245b89ecbc08a44a4e166c06659911881f383d4473e94f","session_token":"c40bc67032abfb643751d797444a9e98","role":"user"},{"line_uid":"local_921956963363062f1184fcbd4dd68564","username":"tester_1229","password_hash":"ef92b778bafe771e89245b89ecbc08a44a4e166c06659911881f383d4473e94f","session_token":"63a0332b622b5d59669fab962e068c86","role":"user"},{"line_uid":"test_arena_alice_1788067852735_tt4vh4","username":"alice_1788067852735_tt4vh4","password_hash":"h","session_token":"tok_alice_1788067852735_tt4vh4","role":"user"},{"line_uid":"test_arena_bob_1788067852735_tt4vh4","username":"bob_1788067852735_tt4vh4","password_hash":"h","session_token":"tok_bob_1788067852735_tt4vh4","role":"user"},{"line_uid":"test_arena_charlie_1788067852735_tt4vh4","username":"charlie_1788067852735_tt4vh4","password_hash":"h","session_token":"tok_charlie_1788067852735_tt4vh4","role":"user"}]
[DB Query] Args: line_uid=test_arena_charlie_1788067852735_tt4vh4 (type: string), token=tok_charlie_1788067852735_tt4vh4 (type: string)
[DB Query] Match: {"line_uid":"test_arena_charlie_1788067852735_tt4vh4","username":"charlie_1788067852735_tt4vh4","password_hash":"h","session_token":"tok_charlie_1788067852735_tt4vh4","role":"user"}
[DB Load] Users count: 9, Players count: 9, Guilds count: 0
[DB Query] GET: SELECT * FROM players WHERE line_uid = ? | Args: ["test_arena_charlie_1788067852735_tt4vh4"]
[DB Load] Users count: 9, Players count: 9, Guilds count: 0
[DB Load] Users count: 9, Players count: 9, Guilds count: 0
[DB Load] Users count: 9, Players count: 9, Guilds count: 0
[DB Query] GET: SELECT * FROM players WHERE line_uid = ? | Args: ["test_arena_charlie_1788067852735_tt4vh4"]
  ✓ Người chơi bị Boss hạ gục chuyển sang LOSE, nhận arena_fail và không nhận thưởng.

--- 6. Game Poll Combat Tick: TIMEOUT State (60s Expiry) ---
[DB Load] Users count: 9, Players count: 9, Guilds count: 0
[DB Load] Users count: 9, Players count: 9, Guilds count: 0
[DB Query] GET: SELECT * FROM users WHERE line_uid = ? AND session_token = ? | Args: ["test_arena_alice_1788067852735_tt4vh4","tok_alice_1788067852735_tt4vh4"]
[DB Query] Users list: [{"line_uid":"local_3def32ad1401ab2a919db0305181d5eb","username":"test","password_hash":"03ac674216f3e15c761ee1a5e255f067953623c8b388b4459e13f978d7c846f4","session_token":"ee21aa7fdded989a466fd7582762d48c","role":"user"},{"line_uid":"local_3085dceb09b40b20a725b61eb0105964","username":"admin","password_hash":"240be518fabd2724ddb6f04eeb1da5967448d7e831c08c8fa822809f74c720a9","session_token":"ac850833580ffdce8b1252f0c336c931","role":"user"},{"line_uid":"local_a84ede713aed3eadf4e998002e217217","username":"Test","password_hash":"03ac674216f3e15c761ee1a5e255f067953623c8b388b4459e13f978d7c846f4","session_token":"11103b88e8bf75a72607c60b3ea3fcf3","role":"user"},{"line_uid":"local_8e474cf3230c4f09fb05ba1f7eb9a20c","username":"test1","password_hash":"03ac674216f3e15c761ee1a5e255f067953623c8b388b4459e13f978d7c846f4","session_token":"c858998f94a2803479b3f35531410cc1","role":"user"},{"line_uid":"local_fa9f5a625c3592346b072d0b5dedb750","username":"tester_1308","password_hash":"ef92b778bafe771e89245b89ecbc08a44a4e166c06659911881f383d4473e94f","session_token":"c40bc67032abfb643751d797444a9e98","role":"user"},{"line_uid":"local_921956963363062f1184fcbd4dd68564","username":"tester_1229","password_hash":"ef92b778bafe771e89245b89ecbc08a44a4e166c06659911881f383d4473e94f","session_token":"63a0332b622b5d59669fab962e068c86","role":"user"},{"line_uid":"test_arena_alice_1788067852735_tt4vh4","username":"alice_1788067852735_tt4vh4","password_hash":"h","session_token":"tok_alice_1788067852735_tt4vh4","role":"user"},{"line_uid":"test_arena_bob_1788067852735_tt4vh4","username":"bob_1788067852735_tt4vh4","password_hash":"h","session_token":"tok_bob_1788067852735_tt4vh4","role":"user"},{"line_uid":"test_arena_charlie_1788067852735_tt4vh4","username":"charlie_1788067852735_tt4vh4","password_hash":"h","session_token":"tok_charlie_1788067852735_tt4vh4","role":"user"}]
[DB Query] Args: line_uid=test_arena_alice_1788067852735_tt4vh4 (type: string), token=tok_alice_1788067852735_tt4vh4 (type: string)
[DB Query] Match: {"line_uid":"test_arena_alice_1788067852735_tt4vh4","username":"alice_1788067852735_tt4vh4","password_hash":"h","session_token":"tok_alice_1788067852735_tt4vh4","role":"user"}
[DB Load] Users count: 9, Players count: 9, Guilds count: 0
[DB Query] GET: SELECT * FROM players WHERE line_uid = ? | Args: ["test_arena_alice_1788067852735_tt4vh4"]
[DB Load] Users count: 9, Players count: 9, Guilds count: 0
[DB Load] Users count: 9, Players count: 9, Guilds count: 0
[DB Load] Users count: 9, Players count: 9, Guilds count: 0
[DB Query] GET: SELECT * FROM players WHERE line_uid = ? | Args: ["test_arena_alice_1788067852735_tt4vh4"]
[DB Load] Users count: 9, Players count: 9, Guilds count: 0
[DB Load] Users count: 9, Players count: 9, Guilds count: 0
[DB Query] GET: SELECT * FROM users WHERE line_uid = ? AND session_token = ? | Args: ["test_arena_alice_1788067852735_tt4vh4","tok_alice_1788067852735_tt4vh4"]
[DB Query] Users list: [{"line_uid":"local_3def32ad1401ab2a919db0305181d5eb","username":"test","password_hash":"03ac674216f3e15c761ee1a5e255f067953623c8b388b4459e13f978d7c846f4","session_token":"ee21aa7fdded989a466fd7582762d48c","role":"user"},{"line_uid":"local_3085dceb09b40b20a725b61eb0105964","username":"admin","password_hash":"240be518fabd2724ddb6f04eeb1da5967448d7e831c08c8fa822809f74c720a9","session_token":"ac850833580ffdce8b1252f0c336c931","role":"user"},{"line_uid":"local_a84ede713aed3eadf4e998002e217217","username":"Test","password_hash":"03ac674216f3e15c761ee1a5e255f067953623c8b388b4459e13f978d7c846f4","session_token":"11103b88e8bf75a72607c60b3ea3fcf3","role":"user"},{"line_uid":"local_8e474cf3230c4f09fb05ba1f7eb9a20c","username":"test1","password_hash":"03ac674216f3e15c761ee1a5e255f067953623c8b388b4459e13f978d7c846f4","session_token":"c858998f94a2803479b3f35531410cc1","role":"user"},{"line_uid":"local_fa9f5a625c3592346b072d0b5dedb750","username":"tester_1308","password_hash":"ef92b778bafe771e89245b89ecbc08a44a4e166c06659911881f383d4473e94f","session_token":"c40bc67032abfb643751d797444a9e98","role":"user"},{"line_uid":"local_921956963363062f1184fcbd4dd68564","username":"tester_1229","password_hash":"ef92b778bafe771e89245b89ecbc08a44a4e166c06659911881f383d4473e94f","session_token":"63a0332b622b5d59669fab962e068c86","role":"user"},{"line_uid":"test_arena_alice_1788067852735_tt4vh4","username":"alice_1788067852735_tt4vh4","password_hash":"h","session_token":"tok_alice_1788067852735_tt4vh4","role":"user"},{"line_uid":"test_arena_bob_1788067852735_tt4vh4","username":"bob_1788067852735_tt4vh4","password_hash":"h","session_token":"tok_bob_1788067852735_tt4vh4","role":"user"},{"line_uid":"test_arena_charlie_1788067852735_tt4vh4","username":"charlie_1788067852735_tt4vh4","password_hash":"h","session_token":"tok_charlie_1788067852735_tt4vh4","role":"user"}]
[DB Query] Args: line_uid=test_arena_alice_1788067852735_tt4vh4 (type: string), token=tok_alice_1788067852735_tt4vh4 (type: string)
[DB Query] Match: {"line_uid":"test_arena_alice_1788067852735_tt4vh4","username":"alice_1788067852735_tt4vh4","password_hash":"h","session_token":"tok_alice_1788067852735_tt4vh4","role":"user"}
[DB Load] Users count: 9, Players count: 9, Guilds count: 0
[DB Query] GET: SELECT * FROM players WHERE line_uid = ? | Args: ["test_arena_alice_1788067852735_tt4vh4"]
[DB Load] Users count: 9, Players count: 9, Guilds count: 0
  ✓ Hết hạn 60s chuyển sang TIMEOUT, xóa arena_run và không nhận thưởng.

--- 7. Action: skip (Only for Won Bosses, Count 1-5) ---
[DB Load] Users count: 9, Players count: 9, Guilds count: 0
[DB Load] Users count: 9, Players count: 9, Guilds count: 0
[DB Query] GET: SELECT * FROM users WHERE line_uid = ? AND session_token = ? | Args: ["test_arena_alice_1788067852735_tt4vh4","tok_alice_1788067852735_tt4vh4"]
[DB Query] Users list: [{"line_uid":"local_3def32ad1401ab2a919db0305181d5eb","username":"test","password_hash":"03ac674216f3e15c761ee1a5e255f067953623c8b388b4459e13f978d7c846f4","session_token":"ee21aa7fdded989a466fd7582762d48c","role":"user"},{"line_uid":"local_3085dceb09b40b20a725b61eb0105964","username":"admin","password_hash":"240be518fabd2724ddb6f04eeb1da5967448d7e831c08c8fa822809f74c720a9","session_token":"ac850833580ffdce8b1252f0c336c931","role":"user"},{"line_uid":"local_a84ede713aed3eadf4e998002e217217","username":"Test","password_hash":"03ac674216f3e15c761ee1a5e255f067953623c8b388b4459e13f978d7c846f4","session_token":"11103b88e8bf75a72607c60b3ea3fcf3","role":"user"},{"line_uid":"local_8e474cf3230c4f09fb05ba1f7eb9a20c","username":"test1","password_hash":"03ac674216f3e15c761ee1a5e255f067953623c8b388b4459e13f978d7c846f4","session_token":"c858998f94a2803479b3f35531410cc1","role":"user"},{"line_uid":"local_fa9f5a625c3592346b072d0b5dedb750","username":"tester_1308","password_hash":"ef92b778bafe771e89245b89ecbc08a44a4e166c06659911881f383d4473e94f","session_token":"c40bc67032abfb643751d797444a9e98","role":"user"},{"line_uid":"local_921956963363062f1184fcbd4dd68564","username":"tester_1229","password_hash":"ef92b778bafe771e89245b89ecbc08a44a4e166c06659911881f383d4473e94f","session_token":"63a0332b622b5d59669fab962e068c86","role":"user"},{"line_uid":"test_arena_alice_1788067852735_tt4vh4","username":"alice_1788067852735_tt4vh4","password_hash":"h","session_token":"tok_alice_1788067852735_tt4vh4","role":"user"},{"line_uid":"test_arena_bob_1788067852735_tt4vh4","username":"bob_1788067852735_tt4vh4","password_hash":"h","session_token":"tok_bob_1788067852735_tt4vh4","role":"user"},{"line_uid":"test_arena_charlie_1788067852735_tt4vh4","username":"charlie_1788067852735_tt4vh4","password_hash":"h","session_token":"tok_charlie_1788067852735_tt4vh4","role":"user"}]
[DB Query] Args: line_uid=test_arena_alice_1788067852735_tt4vh4 (type: string), token=tok_alice_1788067852735_tt4vh4 (type: string)
[DB Query] Match: {"line_uid":"test_arena_alice_1788067852735_tt4vh4","username":"alice_1788067852735_tt4vh4","password_hash":"h","session_token":"tok_alice_1788067852735_tt4vh4","role":"user"}
[DB Load] Users count: 9, Players count: 9, Guilds count: 0
[DB Query] GET: SELECT * FROM players WHERE line_uid = ? | Args: ["test_arena_alice_1788067852735_tt4vh4"]
[DB Load] Users count: 9, Players count: 9, Guilds count: 0
[DB Load] Users count: 9, Players count: 9, Guilds count: 0
[DB Query] GET: SELECT * FROM users WHERE line_uid = ? AND session_token = ? | Args: ["test_arena_alice_1788067852735_tt4vh4","tok_alice_1788067852735_tt4vh4"]
[DB Query] Users list: [{"line_uid":"local_3def32ad1401ab2a919db0305181d5eb","username":"test","password_hash":"03ac674216f3e15c761ee1a5e255f067953623c8b388b4459e13f978d7c846f4","session_token":"ee21aa7fdded989a466fd7582762d48c","role":"user"},{"line_uid":"local_3085dceb09b40b20a725b61eb0105964","username":"admin","password_hash":"240be518fabd2724ddb6f04eeb1da5967448d7e831c08c8fa822809f74c720a9","session_token":"ac850833580ffdce8b1252f0c336c931","role":"user"},{"line_uid":"local_a84ede713aed3eadf4e998002e217217","username":"Test","password_hash":"03ac674216f3e15c761ee1a5e255f067953623c8b388b4459e13f978d7c846f4","session_token":"11103b88e8bf75a72607c60b3ea3fcf3","role":"user"},{"line_uid":"local_8e474cf3230c4f09fb05ba1f7eb9a20c","username":"test1","password_hash":"03ac674216f3e15c761ee1a5e255f067953623c8b388b4459e13f978d7c846f4","session_token":"c858998f94a2803479b3f35531410cc1","role":"user"},{"line_uid":"local_fa9f5a625c3592346b072d0b5dedb750","username":"tester_1308","password_hash":"ef92b778bafe771e89245b89ecbc08a44a4e166c06659911881f383d4473e94f","session_token":"c40bc67032abfb643751d797444a9e98","role":"user"},{"line_uid":"local_921956963363062f1184fcbd4dd68564","username":"tester_1229","password_hash":"ef92b778bafe771e89245b89ecbc08a44a4e166c06659911881f383d4473e94f","session_token":"63a0332b622b5d59669fab962e068c86","role":"user"},{"line_uid":"test_arena_alice_1788067852735_tt4vh4","username":"alice_1788067852735_tt4vh4","password_hash":"h","session_token":"tok_alice_1788067852735_tt4vh4","role":"user"},{"line_uid":"test_arena_bob_1788067852735_tt4vh4","username":"bob_1788067852735_tt4vh4","password_hash":"h","session_token":"tok_bob_1788067852735_tt4vh4","role":"user"},{"line_uid":"test_arena_charlie_1788067852735_tt4vh4","username":"charlie_1788067852735_tt4vh4","password_hash":"h","session_token":"tok_charlie_1788067852735_tt4vh4","role":"user"}]
[DB Query] Args: line_uid=test_arena_alice_1788067852735_tt4vh4 (type: string), token=tok_alice_1788067852735_tt4vh4 (type: string)
[DB Query] Match: {"line_uid":"test_arena_alice_1788067852735_tt4vh4","username":"alice_1788067852735_tt4vh4","password_hash":"h","session_token":"tok_alice_1788067852735_tt4vh4","role":"user"}
[DB Load] Users count: 9, Players count: 9, Guilds count: 0
[DB Query] GET: SELECT * FROM players WHERE line_uid = ? | Args: ["test_arena_alice_1788067852735_tt4vh4"]
[DB Load] Users count: 9, Players count: 9, Guilds count: 0
  ✓ Skip chỉ cho phép boss đã thắng (arena_won), trừ phí và trao thưởng chính xác.

--- 8. Action: hist ---
[DB Load] Users count: 9, Players count: 9, Guilds count: 0
[DB Load] Users count: 9, Players count: 9, Guilds count: 0
[DB Query] GET: SELECT * FROM users WHERE line_uid = ? AND session_token = ? | Args: ["test_arena_alice_1788067852735_tt4vh4","tok_alice_1788067852735_tt4vh4"]
[DB Query] Users list: [{"line_uid":"local_3def32ad1401ab2a919db0305181d5eb","username":"test","password_hash":"03ac674216f3e15c761ee1a5e255f067953623c8b388b4459e13f978d7c846f4","session_token":"ee21aa7fdded989a466fd7582762d48c","role":"user"},{"line_uid":"local_3085dceb09b40b20a725b61eb0105964","username":"admin","password_hash":"240be518fabd2724ddb6f04eeb1da5967448d7e831c08c8fa822809f74c720a9","session_token":"ac850833580ffdce8b1252f0c336c931","role":"user"},{"line_uid":"local_a84ede713aed3eadf4e998002e217217","username":"Test","password_hash":"03ac674216f3e15c761ee1a5e255f067953623c8b388b4459e13f978d7c846f4","session_token":"11103b88e8bf75a72607c60b3ea3fcf3","role":"user"},{"line_uid":"local_8e474cf3230c4f09fb05ba1f7eb9a20c","username":"test1","password_hash":"03ac674216f3e15c761ee1a5e255f067953623c8b388b4459e13f978d7c846f4","session_token":"c858998f94a2803479b3f35531410cc1","role":"user"},{"line_uid":"local_fa9f5a625c3592346b072d0b5dedb750","username":"tester_1308","password_hash":"ef92b778bafe771e89245b89ecbc08a44a4e166c06659911881f383d4473e94f","session_token":"c40bc67032abfb643751d797444a9e98","role":"user"},{"line_uid":"local_921956963363062f1184fcbd4dd68564","username":"tester_1229","password_hash":"ef92b778bafe771e89245b89ecbc08a44a4e166c06659911881f383d4473e94f","session_token":"63a0332b622b5d59669fab962e068c86","role":"user"},{"line_uid":"test_arena_alice_1788067852735_tt4vh4","username":"alice_1788067852735_tt4vh4","password_hash":"h","session_token":"tok_alice_1788067852735_tt4vh4","role":"user"},{"line_uid":"test_arena_bob_1788067852735_tt4vh4","username":"bob_1788067852735_tt4vh4","password_hash":"h","session_token":"tok_bob_1788067852735_tt4vh4","role":"user"},{"line_uid":"test_arena_charlie_1788067852735_tt4vh4","username":"charlie_1788067852735_tt4vh4","password_hash":"h","session_token":"tok_charlie_1788067852735_tt4vh4","role":"user"}]
[DB Query] Args: line_uid=test_arena_alice_1788067852735_tt4vh4 (type: string), token=tok_alice_1788067852735_tt4vh4 (type: string)
[DB Query] Match: {"line_uid":"test_arena_alice_1788067852735_tt4vh4","username":"alice_1788067852735_tt4vh4","password_hash":"h","session_token":"tok_alice_1788067852735_tt4vh4","role":"user"}
[DB Load] Users count: 9, Players count: 9, Guilds count: 0
[DB Query] GET: SELECT * FROM players WHERE line_uid = ? | Args: ["test_arena_alice_1788067852735_tt4vh4"]
  ✓ hist trả về lịch sử nhận thưởng của Boss chuẩn xác.

--- 9. Atomic Snapshot Rollback on Error ---
[DB Load] Users count: 9, Players count: 9, Guilds count: 0
[DB Load] Users count: 9, Players count: 9, Guilds count: 0
[DB Query] GET: SELECT * FROM players WHERE line_uid = ? | Args: ["test_arena_alice_1788067852735_tt4vh4"]
[DB Load] Users count: 9, Players count: 9, Guilds count: 0
[DB Load] Users count: 9, Players count: 9, Guilds count: 0
[DB Load] Users count: 9, Players count: 9, Guilds count: 0
[DB Query] GET: SELECT * FROM users WHERE line_uid = ? AND session_token = ? | Args: ["test_arena_alice_1788067852735_tt4vh4","tok_alice_1788067852735_tt4vh4"]
[DB Query] Users list: [{"line_uid":"local_3def32ad1401ab2a919db0305181d5eb","username":"test","password_hash":"03ac674216f3e15c761ee1a5e255f067953623c8b388b4459e13f978d7c846f4","session_token":"ee21aa7fdded989a466fd7582762d48c","role":"user"},{"line_uid":"local_3085dceb09b40b20a725b61eb0105964","username":"admin","password_hash":"240be518fabd2724ddb6f04eeb1da5967448d7e831c08c8fa822809f74c720a9","session_token":"ac850833580ffdce8b1252f0c336c931","role":"user"},{"line_uid":"local_a84ede713aed3eadf4e998002e217217","username":"Test","password_hash":"03ac674216f3e15c761ee1a5e255f067953623c8b388b4459e13f978d7c846f4","session_token":"11103b88e8bf75a72607c60b3ea3fcf3","role":"user"},{"line_uid":"local_8e474cf3230c4f09fb05ba1f7eb9a20c","username":"test1","password_hash":"03ac674216f3e15c761ee1a5e255f067953623c8b388b4459e13f978d7c846f4","session_token":"c858998f94a2803479b3f35531410cc1","role":"user"},{"line_uid":"local_fa9f5a625c3592346b072d0b5dedb750","username":"tester_1308","password_hash":"ef92b778bafe771e89245b89ecbc08a44a4e166c06659911881f383d4473e94f","session_token":"c40bc67032abfb643751d797444a9e98","role":"user"},{"line_uid":"local_921956963363062f1184fcbd4dd68564","username":"tester_1229","password_hash":"ef92b778bafe771e89245b89ecbc08a44a4e166c06659911881f383d4473e94f","session_token":"63a0332b622b5d59669fab962e068c86","role":"user"},{"line_uid":"test_arena_alice_1788067852735_tt4vh4","username":"alice_1788067852735_tt4vh4","password_hash":"h","session_token":"tok_alice_1788067852735_tt4vh4","role":"user"},{"line_uid":"test_arena_bob_1788067852735_tt4vh4","username":"bob_1788067852735_tt4vh4","password_hash":"h","session_token":"tok_bob_1788067852735_tt4vh4","role":"user"},{"line_uid":"test_arena_charlie_1788067852735_tt4vh4","username":"charlie_1788067852735_tt4vh4","password_hash":"h","session_token":"tok_charlie_1788067852735_tt4vh4","role":"user"}]
[DB Query] Args: line_uid=test_arena_alice_1788067852735_tt4vh4 (type: string), token=tok_alice_1788067852735_tt4vh4 (type: string)
[DB Query] Match: {"line_uid":"test_arena_alice_1788067852735_tt4vh4","username":"alice_1788067852735_tt4vh4","password_hash":"h","session_token":"tok_alice_1788067852735_tt4vh4","role":"user"}
[DB Load] Users count: 9, Players count: 9, Guilds count: 0
[DB Query] GET: SELECT * FROM players WHERE line_uid = ? | Args: ["test_arena_alice_1788067852735_tt4vh4"]
[DB Load] Users count: 9, Players count: 9, Guilds count: 0
  ✓ Rollback snapshot nguyên tử khi lỗi đĩa thành công 100%.

🎉 TẤT CẢ 9 BỘ KIỂM THỬ HỆ THỐNG ARENA BOSS ĐỀU ĐẠT CHUẨN (PASS 100%)!
Lỗi đấu trường: Error: Simulated disk error during arena enter
    at db.save (E:\game\ragnalok-private-server\tests\test_arena_system.js:346:15)
    at Object.run (E:\game\ragnalok-private-server\server\db\queries.js:95:16)
    at E:\game\ragnalok-private-server\server\routes\arena.js:55:72
    at process.processTicksAndRejections (node:internal/process/task_queues:104:5)
[DB Load] Users count: 9, Players count: 9, Guilds count: 0
🧹 Đã dọn dẹp sạch sẽ toàn bộ test records khỏi database!
