[DB Load] Users count: 6, Players count: 6, Guilds count: 0
[WorldManager] Spawning hourly MVP bosses...
🧪 Bắt đầu kiểm thử toàn diện Hệ thống Raid Cướp Nhà (TASK-030)...
[DB Load] Users count: 6, Players count: 6, Guilds count: 0
[DB Load] Users count: 6, Players count: 6, Guilds count: 0
[DB Load] Users count: 6, Players count: 6, Guilds count: 0
[DB Load] Users count: 7, Players count: 6, Guilds count: 0
[DB Load] Users count: 7, Players count: 7, Guilds count: 0
[DB Load] Users count: 8, Players count: 7, Guilds count: 0
[DB Load] Users count: 8, Players count: 8, Guilds count: 0
[DB Load] Users count: 9, Players count: 8, Guilds count: 0

--- 1. Static Audit & Auth Security ---
[DB Load] Users count: 9, Players count: 9, Guilds count: 0
[DB Load] Users count: 9, Players count: 9, Guilds count: 0
[DB Query] GET: SELECT * FROM users WHERE line_uid = ? AND session_token = ? | Args: ["test_raid_alice_1788058510992_3anwj2","fake_tok"]
[DB Query] Users list: [{"line_uid":"local_3def32ad1401ab2a919db0305181d5eb","username":"test","password_hash":"03ac674216f3e15c761ee1a5e255f067953623c8b388b4459e13f978d7c846f4","session_token":"ee21aa7fdded989a466fd7582762d48c","role":"user"},{"line_uid":"local_3085dceb09b40b20a725b61eb0105964","username":"admin","password_hash":"240be518fabd2724ddb6f04eeb1da5967448d7e831c08c8fa822809f74c720a9","session_token":"ac850833580ffdce8b1252f0c336c931","role":"user"},{"line_uid":"local_a84ede713aed3eadf4e998002e217217","username":"Test","password_hash":"03ac674216f3e15c761ee1a5e255f067953623c8b388b4459e13f978d7c846f4","session_token":"11103b88e8bf75a72607c60b3ea3fcf3","role":"user"},{"line_uid":"local_8e474cf3230c4f09fb05ba1f7eb9a20c","username":"test1","password_hash":"03ac674216f3e15c761ee1a5e255f067953623c8b388b4459e13f978d7c846f4","session_token":"c858998f94a2803479b3f35531410cc1","role":"user"},{"line_uid":"local_fa9f5a625c3592346b072d0b5dedb750","username":"tester_1308","password_hash":"ef92b778bafe771e89245b89ecbc08a44a4e166c06659911881f383d4473e94f","session_token":"c40bc67032abfb643751d797444a9e98","role":"user"},{"line_uid":"local_921956963363062f1184fcbd4dd68564","username":"tester_1229","password_hash":"ef92b778bafe771e89245b89ecbc08a44a4e166c06659911881f383d4473e94f","session_token":"63a0332b622b5d59669fab962e068c86","role":"user"},{"line_uid":"test_raid_alice_1788058510992_3anwj2","username":"alice_1788058510992_3anwj2","password_hash":"h","session_token":"tok_alice_1788058510992_3anwj2","role":"user"},{"line_uid":"test_raid_bob_1788058510992_3anwj2","username":"bob_1788058510992_3anwj2","password_hash":"h","session_token":"tok_bob_1788058510992_3anwj2","role":"user"},{"line_uid":"test_raid_charlie_1788058510992_3anwj2","username":"charlie_1788058510992_3anwj2","password_hash":"h","session_token":"tok_charlie_1788058510992_3anwj2","role":"user"}]
[DB Query] Args: line_uid=test_raid_alice_1788058510992_3anwj2 (type: string), token=fake_tok (type: string)
[DB Query] Match: undefined
[DB Load] Users count: 9, Players count: 9, Guilds count: 0
[DB Load] Users count: 9, Players count: 9, Guilds count: 0
[DB Query] GET: SELECT * FROM users WHERE line_uid = ? AND session_token = ? | Args: ["test_raid_alice_1788058510992_3anwj2","tok_bob_1788058510992_3anwj2"]
[DB Query] Users list: [{"line_uid":"local_3def32ad1401ab2a919db0305181d5eb","username":"test","password_hash":"03ac674216f3e15c761ee1a5e255f067953623c8b388b4459e13f978d7c846f4","session_token":"ee21aa7fdded989a466fd7582762d48c","role":"user"},{"line_uid":"local_3085dceb09b40b20a725b61eb0105964","username":"admin","password_hash":"240be518fabd2724ddb6f04eeb1da5967448d7e831c08c8fa822809f74c720a9","session_token":"ac850833580ffdce8b1252f0c336c931","role":"user"},{"line_uid":"local_a84ede713aed3eadf4e998002e217217","username":"Test","password_hash":"03ac674216f3e15c761ee1a5e255f067953623c8b388b4459e13f978d7c846f4","session_token":"11103b88e8bf75a72607c60b3ea3fcf3","role":"user"},{"line_uid":"local_8e474cf3230c4f09fb05ba1f7eb9a20c","username":"test1","password_hash":"03ac674216f3e15c761ee1a5e255f067953623c8b388b4459e13f978d7c846f4","session_token":"c858998f94a2803479b3f35531410cc1","role":"user"},{"line_uid":"local_fa9f5a625c3592346b072d0b5dedb750","username":"tester_1308","password_hash":"ef92b778bafe771e89245b89ecbc08a44a4e166c06659911881f383d4473e94f","session_token":"c40bc67032abfb643751d797444a9e98","role":"user"},{"line_uid":"local_921956963363062f1184fcbd4dd68564","username":"tester_1229","password_hash":"ef92b778bafe771e89245b89ecbc08a44a4e166c06659911881f383d4473e94f","session_token":"63a0332b622b5d59669fab962e068c86","role":"user"},{"line_uid":"test_raid_alice_1788058510992_3anwj2","username":"alice_1788058510992_3anwj2","password_hash":"h","session_token":"tok_alice_1788058510992_3anwj2","role":"user"},{"line_uid":"test_raid_bob_1788058510992_3anwj2","username":"bob_1788058510992_3anwj2","password_hash":"h","session_token":"tok_bob_1788058510992_3anwj2","role":"user"},{"line_uid":"test_raid_charlie_1788058510992_3anwj2","username":"charlie_1788058510992_3anwj2","password_hash":"h","session_token":"tok_charlie_1788058510992_3anwj2","role":"user"}]
[DB Query] Args: line_uid=test_raid_alice_1788058510992_3anwj2 (type: string), token=tok_bob_1788058510992_3anwj2 (type: string)
[DB Query] Match: undefined
  ✓ Xác thực bảo mật chặn 401 thành công 100%.

--- 2. Action: list, feed, hist ---
[DB Load] Users count: 9, Players count: 9, Guilds count: 0
[DB Load] Users count: 9, Players count: 9, Guilds count: 0
[DB Query] GET: SELECT * FROM users WHERE line_uid = ? AND session_token = ? | Args: ["test_raid_alice_1788058510992_3anwj2","tok_alice_1788058510992_3anwj2"]
[DB Query] Users list: [{"line_uid":"local_3def32ad1401ab2a919db0305181d5eb","username":"test","password_hash":"03ac674216f3e15c761ee1a5e255f067953623c8b388b4459e13f978d7c846f4","session_token":"ee21aa7fdded989a466fd7582762d48c","role":"user"},{"line_uid":"local_3085dceb09b40b20a725b61eb0105964","username":"admin","password_hash":"240be518fabd2724ddb6f04eeb1da5967448d7e831c08c8fa822809f74c720a9","session_token":"ac850833580ffdce8b1252f0c336c931","role":"user"},{"line_uid":"local_a84ede713aed3eadf4e998002e217217","username":"Test","password_hash":"03ac674216f3e15c761ee1a5e255f067953623c8b388b4459e13f978d7c846f4","session_token":"11103b88e8bf75a72607c60b3ea3fcf3","role":"user"},{"line_uid":"local_8e474cf3230c4f09fb05ba1f7eb9a20c","username":"test1","password_hash":"03ac674216f3e15c761ee1a5e255f067953623c8b388b4459e13f978d7c846f4","session_token":"c858998f94a2803479b3f35531410cc1","role":"user"},{"line_uid":"local_fa9f5a625c3592346b072d0b5dedb750","username":"tester_1308","password_hash":"ef92b778bafe771e89245b89ecbc08a44a4e166c06659911881f383d4473e94f","session_token":"c40bc67032abfb643751d797444a9e98","role":"user"},{"line_uid":"local_921956963363062f1184fcbd4dd68564","username":"tester_1229","password_hash":"ef92b778bafe771e89245b89ecbc08a44a4e166c06659911881f383d4473e94f","session_token":"63a0332b622b5d59669fab962e068c86","role":"user"},{"line_uid":"test_raid_alice_1788058510992_3anwj2","username":"alice_1788058510992_3anwj2","password_hash":"h","session_token":"tok_alice_1788058510992_3anwj2","role":"user"},{"line_uid":"test_raid_bob_1788058510992_3anwj2","username":"bob_1788058510992_3anwj2","password_hash":"h","session_token":"tok_bob_1788058510992_3anwj2","role":"user"},{"line_uid":"test_raid_charlie_1788058510992_3anwj2","username":"charlie_1788058510992_3anwj2","password_hash":"h","session_token":"tok_charlie_1788058510992_3anwj2","role":"user"}]
[DB Query] Args: line_uid=test_raid_alice_1788058510992_3anwj2 (type: string), token=tok_alice_1788058510992_3anwj2 (type: string)
[DB Query] Match: {"line_uid":"test_raid_alice_1788058510992_3anwj2","username":"alice_1788058510992_3anwj2","password_hash":"h","session_token":"tok_alice_1788058510992_3anwj2","role":"user"}
[DB Load] Users count: 9, Players count: 9, Guilds count: 0
[DB Query] GET: SELECT * FROM players WHERE line_uid = ? | Args: ["test_raid_alice_1788058510992_3anwj2"]
[DB Load] Users count: 9, Players count: 9, Guilds count: 0
[DB Load] Users count: 9, Players count: 9, Guilds count: 0
[DB Load] Users count: 9, Players count: 9, Guilds count: 0
[DB Query] GET: SELECT * FROM users WHERE line_uid = ? AND session_token = ? | Args: ["test_raid_alice_1788058510992_3anwj2","tok_alice_1788058510992_3anwj2"]
[DB Query] Users list: [{"line_uid":"local_3def32ad1401ab2a919db0305181d5eb","username":"test","password_hash":"03ac674216f3e15c761ee1a5e255f067953623c8b388b4459e13f978d7c846f4","session_token":"ee21aa7fdded989a466fd7582762d48c","role":"user"},{"line_uid":"local_3085dceb09b40b20a725b61eb0105964","username":"admin","password_hash":"240be518fabd2724ddb6f04eeb1da5967448d7e831c08c8fa822809f74c720a9","session_token":"ac850833580ffdce8b1252f0c336c931","role":"user"},{"line_uid":"local_a84ede713aed3eadf4e998002e217217","username":"Test","password_hash":"03ac674216f3e15c761ee1a5e255f067953623c8b388b4459e13f978d7c846f4","session_token":"11103b88e8bf75a72607c60b3ea3fcf3","role":"user"},{"line_uid":"local_8e474cf3230c4f09fb05ba1f7eb9a20c","username":"test1","password_hash":"03ac674216f3e15c761ee1a5e255f067953623c8b388b4459e13f978d7c846f4","session_token":"c858998f94a2803479b3f35531410cc1","role":"user"},{"line_uid":"local_fa9f5a625c3592346b072d0b5dedb750","username":"tester_1308","password_hash":"ef92b778bafe771e89245b89ecbc08a44a4e166c06659911881f383d4473e94f","session_token":"c40bc67032abfb643751d797444a9e98","role":"user"},{"line_uid":"local_921956963363062f1184fcbd4dd68564","username":"tester_1229","password_hash":"ef92b778bafe771e89245b89ecbc08a44a4e166c06659911881f383d4473e94f","session_token":"63a0332b622b5d59669fab962e068c86","role":"user"},{"line_uid":"test_raid_alice_1788058510992_3anwj2","username":"alice_1788058510992_3anwj2","password_hash":"h","session_token":"tok_alice_1788058510992_3anwj2","role":"user"},{"line_uid":"test_raid_bob_1788058510992_3anwj2","username":"bob_1788058510992_3anwj2","password_hash":"h","session_token":"tok_bob_1788058510992_3anwj2","role":"user"},{"line_uid":"test_raid_charlie_1788058510992_3anwj2","username":"charlie_1788058510992_3anwj2","password_hash":"h","session_token":"tok_charlie_1788058510992_3anwj2","role":"user"}]
[DB Query] Args: line_uid=test_raid_alice_1788058510992_3anwj2 (type: string), token=tok_alice_1788058510992_3anwj2 (type: string)
[DB Query] Match: {"line_uid":"test_raid_alice_1788058510992_3anwj2","username":"alice_1788058510992_3anwj2","password_hash":"h","session_token":"tok_alice_1788058510992_3anwj2","role":"user"}
[DB Load] Users count: 9, Players count: 9, Guilds count: 0
[DB Query] GET: SELECT * FROM players WHERE line_uid = ? | Args: ["test_raid_alice_1788058510992_3anwj2"]
[DB Load] Users count: 9, Players count: 9, Guilds count: 0
[DB Load] Users count: 9, Players count: 9, Guilds count: 0
[DB Load] Users count: 9, Players count: 9, Guilds count: 0
[DB Query] GET: SELECT * FROM users WHERE line_uid = ? AND session_token = ? | Args: ["test_raid_alice_1788058510992_3anwj2","tok_alice_1788058510992_3anwj2"]
[DB Query] Users list: [{"line_uid":"local_3def32ad1401ab2a919db0305181d5eb","username":"test","password_hash":"03ac674216f3e15c761ee1a5e255f067953623c8b388b4459e13f978d7c846f4","session_token":"ee21aa7fdded989a466fd7582762d48c","role":"user"},{"line_uid":"local_3085dceb09b40b20a725b61eb0105964","username":"admin","password_hash":"240be518fabd2724ddb6f04eeb1da5967448d7e831c08c8fa822809f74c720a9","session_token":"ac850833580ffdce8b1252f0c336c931","role":"user"},{"line_uid":"local_a84ede713aed3eadf4e998002e217217","username":"Test","password_hash":"03ac674216f3e15c761ee1a5e255f067953623c8b388b4459e13f978d7c846f4","session_token":"11103b88e8bf75a72607c60b3ea3fcf3","role":"user"},{"line_uid":"local_8e474cf3230c4f09fb05ba1f7eb9a20c","username":"test1","password_hash":"03ac674216f3e15c761ee1a5e255f067953623c8b388b4459e13f978d7c846f4","session_token":"c858998f94a2803479b3f35531410cc1","role":"user"},{"line_uid":"local_fa9f5a625c3592346b072d0b5dedb750","username":"tester_1308","password_hash":"ef92b778bafe771e89245b89ecbc08a44a4e166c06659911881f383d4473e94f","session_token":"c40bc67032abfb643751d797444a9e98","role":"user"},{"line_uid":"local_921956963363062f1184fcbd4dd68564","username":"tester_1229","password_hash":"ef92b778bafe771e89245b89ecbc08a44a4e166c06659911881f383d4473e94f","session_token":"63a0332b622b5d59669fab962e068c86","role":"user"},{"line_uid":"test_raid_alice_1788058510992_3anwj2","username":"alice_1788058510992_3anwj2","password_hash":"h","session_token":"tok_alice_1788058510992_3anwj2","role":"user"},{"line_uid":"test_raid_bob_1788058510992_3anwj2","username":"bob_1788058510992_3anwj2","password_hash":"h","session_token":"tok_bob_1788058510992_3anwj2","role":"user"},{"line_uid":"test_raid_charlie_1788058510992_3anwj2","username":"charlie_1788058510992_3anwj2","password_hash":"h","session_token":"tok_charlie_1788058510992_3anwj2","role":"user"}]
[DB Query] Args: line_uid=test_raid_alice_1788058510992_3anwj2 (type: string), token=tok_alice_1788058510992_3anwj2 (type: string)
[DB Query] Match: {"line_uid":"test_raid_alice_1788058510992_3anwj2","username":"alice_1788058510992_3anwj2","password_hash":"h","session_token":"tok_alice_1788058510992_3anwj2","role":"user"}
[DB Load] Users count: 9, Players count: 9, Guilds count: 0
[DB Query] GET: SELECT * FROM players WHERE line_uid = ? | Args: ["test_raid_alice_1788058510992_3anwj2"]
[DB Load] Users count: 9, Players count: 9, Guilds count: 0
  ✓ list, feed, hist trả về dữ liệu đúng chuẩn hợp đồng.

--- 3. Combat Scenario A: Raider Thắng Hoàn Toàn (Win) ---
[DB Load] Users count: 9, Players count: 9, Guilds count: 0
[DB Load] Users count: 9, Players count: 9, Guilds count: 0
[DB Query] GET: SELECT * FROM users WHERE line_uid = ? AND session_token = ? | Args: ["test_raid_alice_1788058510992_3anwj2","tok_alice_1788058510992_3anwj2"]
[DB Query] Users list: [{"line_uid":"local_3def32ad1401ab2a919db0305181d5eb","username":"test","password_hash":"03ac674216f3e15c761ee1a5e255f067953623c8b388b4459e13f978d7c846f4","session_token":"ee21aa7fdded989a466fd7582762d48c","role":"user"},{"line_uid":"local_3085dceb09b40b20a725b61eb0105964","username":"admin","password_hash":"240be518fabd2724ddb6f04eeb1da5967448d7e831c08c8fa822809f74c720a9","session_token":"ac850833580ffdce8b1252f0c336c931","role":"user"},{"line_uid":"local_a84ede713aed3eadf4e998002e217217","username":"Test","password_hash":"03ac674216f3e15c761ee1a5e255f067953623c8b388b4459e13f978d7c846f4","session_token":"11103b88e8bf75a72607c60b3ea3fcf3","role":"user"},{"line_uid":"local_8e474cf3230c4f09fb05ba1f7eb9a20c","username":"test1","password_hash":"03ac674216f3e15c761ee1a5e255f067953623c8b388b4459e13f978d7c846f4","session_token":"c858998f94a2803479b3f35531410cc1","role":"user"},{"line_uid":"local_fa9f5a625c3592346b072d0b5dedb750","username":"tester_1308","password_hash":"ef92b778bafe771e89245b89ecbc08a44a4e166c06659911881f383d4473e94f","session_token":"c40bc67032abfb643751d797444a9e98","role":"user"},{"line_uid":"local_921956963363062f1184fcbd4dd68564","username":"tester_1229","password_hash":"ef92b778bafe771e89245b89ecbc08a44a4e166c06659911881f383d4473e94f","session_token":"63a0332b622b5d59669fab962e068c86","role":"user"},{"line_uid":"test_raid_alice_1788058510992_3anwj2","username":"alice_1788058510992_3anwj2","password_hash":"h","session_token":"tok_alice_1788058510992_3anwj2","role":"user"},{"line_uid":"test_raid_bob_1788058510992_3anwj2","username":"bob_1788058510992_3anwj2","password_hash":"h","session_token":"tok_bob_1788058510992_3anwj2","role":"user"},{"line_uid":"test_raid_charlie_1788058510992_3anwj2","username":"charlie_1788058510992_3anwj2","password_hash":"h","session_token":"tok_charlie_1788058510992_3anwj2","role":"user"}]
[DB Query] Args: line_uid=test_raid_alice_1788058510992_3anwj2 (type: string), token=tok_alice_1788058510992_3anwj2 (type: string)
[DB Query] Match: {"line_uid":"test_raid_alice_1788058510992_3anwj2","username":"alice_1788058510992_3anwj2","password_hash":"h","session_token":"tok_alice_1788058510992_3anwj2","role":"user"}
[DB Load] Users count: 9, Players count: 9, Guilds count: 0
[DB Query] GET: SELECT * FROM players WHERE line_uid = ? | Args: ["test_raid_alice_1788058510992_3anwj2"]
[DB Load] Users count: 9, Players count: 9, Guilds count: 0
[DB Load] Users count: 9, Players count: 9, Guilds count: 0
[DB Query] GET: SELECT * FROM players WHERE line_uid = ? | Args: ["test_raid_alice_1788058510992_3anwj2"]
[DB Load] Users count: 9, Players count: 9, Guilds count: 0
[DB Query] GET: SELECT * FROM players WHERE line_uid = ? | Args: ["test_raid_bob_1788058510992_3anwj2"]
[DB Load] Users count: 9, Players count: 9, Guilds count: 0
[DB Load] Users count: 9, Players count: 9, Guilds count: 0
[DB Load] Users count: 9, Players count: 9, Guilds count: 0
[DB Load] Users count: 9, Players count: 9, Guilds count: 0
[DB Query] GET: SELECT * FROM players WHERE line_uid = ? | Args: ["test_raid_bob_1788058510992_3anwj2"]
[DB Load] Users count: 9, Players count: 9, Guilds count: 0
[DB Query] GET: SELECT * FROM players WHERE line_uid = ? | Args: ["test_raid_alice_1788058510992_3anwj2"]
  ✓ Alice thắng Bob, thu về 80 Gold, Bob nhận khiên bảo vệ.

--- 4. Edge Cases: Khiên bảo vệ, Cướp trùng trong ngày, Tự cướp mình ---
[DB Load] Users count: 9, Players count: 9, Guilds count: 0
[DB Load] Users count: 9, Players count: 9, Guilds count: 0
[DB Query] GET: SELECT * FROM users WHERE line_uid = ? AND session_token = ? | Args: ["test_raid_charlie_1788058510992_3anwj2","tok_charlie_1788058510992_3anwj2"]
[DB Query] Users list: [{"line_uid":"local_3def32ad1401ab2a919db0305181d5eb","username":"test","password_hash":"03ac674216f3e15c761ee1a5e255f067953623c8b388b4459e13f978d7c846f4","session_token":"ee21aa7fdded989a466fd7582762d48c","role":"user"},{"line_uid":"local_3085dceb09b40b20a725b61eb0105964","username":"admin","password_hash":"240be518fabd2724ddb6f04eeb1da5967448d7e831c08c8fa822809f74c720a9","session_token":"ac850833580ffdce8b1252f0c336c931","role":"user"},{"line_uid":"local_a84ede713aed3eadf4e998002e217217","username":"Test","password_hash":"03ac674216f3e15c761ee1a5e255f067953623c8b388b4459e13f978d7c846f4","session_token":"11103b88e8bf75a72607c60b3ea3fcf3","role":"user"},{"line_uid":"local_8e474cf3230c4f09fb05ba1f7eb9a20c","username":"test1","password_hash":"03ac674216f3e15c761ee1a5e255f067953623c8b388b4459e13f978d7c846f4","session_token":"c858998f94a2803479b3f35531410cc1","role":"user"},{"line_uid":"local_fa9f5a625c3592346b072d0b5dedb750","username":"tester_1308","password_hash":"ef92b778bafe771e89245b89ecbc08a44a4e166c06659911881f383d4473e94f","session_token":"c40bc67032abfb643751d797444a9e98","role":"user"},{"line_uid":"local_921956963363062f1184fcbd4dd68564","username":"tester_1229","password_hash":"ef92b778bafe771e89245b89ecbc08a44a4e166c06659911881f383d4473e94f","session_token":"63a0332b622b5d59669fab962e068c86","role":"user"},{"line_uid":"test_raid_alice_1788058510992_3anwj2","username":"alice_1788058510992_3anwj2","password_hash":"h","session_token":"tok_alice_1788058510992_3anwj2","role":"user"},{"line_uid":"test_raid_bob_1788058510992_3anwj2","username":"bob_1788058510992_3anwj2","password_hash":"h","session_token":"tok_bob_1788058510992_3anwj2","role":"user"},{"line_uid":"test_raid_charlie_1788058510992_3anwj2","username":"charlie_1788058510992_3anwj2","password_hash":"h","session_token":"tok_charlie_1788058510992_3anwj2","role":"user"}]
[DB Query] Args: line_uid=test_raid_charlie_1788058510992_3anwj2 (type: string), token=tok_charlie_1788058510992_3anwj2 (type: string)
[DB Query] Match: {"line_uid":"test_raid_charlie_1788058510992_3anwj2","username":"charlie_1788058510992_3anwj2","password_hash":"h","session_token":"tok_charlie_1788058510992_3anwj2","role":"user"}
[DB Load] Users count: 9, Players count: 9, Guilds count: 0
[DB Query] GET: SELECT * FROM players WHERE line_uid = ? | Args: ["test_raid_charlie_1788058510992_3anwj2"]
[DB Load] Users count: 9, Players count: 9, Guilds count: 0
[DB Load] Users count: 9, Players count: 9, Guilds count: 0
[DB Query] GET: SELECT * FROM players WHERE line_uid = ? | Args: ["test_raid_charlie_1788058510992_3anwj2"]
[DB Load] Users count: 9, Players count: 9, Guilds count: 0
[DB Query] GET: SELECT * FROM players WHERE line_uid = ? | Args: ["test_raid_bob_1788058510992_3anwj2"]
[DB Load] Users count: 9, Players count: 9, Guilds count: 0
[DB Load] Users count: 9, Players count: 9, Guilds count: 0
[DB Query] GET: SELECT * FROM users WHERE line_uid = ? AND session_token = ? | Args: ["test_raid_alice_1788058510992_3anwj2","tok_alice_1788058510992_3anwj2"]
[DB Query] Users list: [{"line_uid":"local_3def32ad1401ab2a919db0305181d5eb","username":"test","password_hash":"03ac674216f3e15c761ee1a5e255f067953623c8b388b4459e13f978d7c846f4","session_token":"ee21aa7fdded989a466fd7582762d48c","role":"user"},{"line_uid":"local_3085dceb09b40b20a725b61eb0105964","username":"admin","password_hash":"240be518fabd2724ddb6f04eeb1da5967448d7e831c08c8fa822809f74c720a9","session_token":"ac850833580ffdce8b1252f0c336c931","role":"user"},{"line_uid":"local_a84ede713aed3eadf4e998002e217217","username":"Test","password_hash":"03ac674216f3e15c761ee1a5e255f067953623c8b388b4459e13f978d7c846f4","session_token":"11103b88e8bf75a72607c60b3ea3fcf3","role":"user"},{"line_uid":"local_8e474cf3230c4f09fb05ba1f7eb9a20c","username":"test1","password_hash":"03ac674216f3e15c761ee1a5e255f067953623c8b388b4459e13f978d7c846f4","session_token":"c858998f94a2803479b3f35531410cc1","role":"user"},{"line_uid":"local_fa9f5a625c3592346b072d0b5dedb750","username":"tester_1308","password_hash":"ef92b778bafe771e89245b89ecbc08a44a4e166c06659911881f383d4473e94f","session_token":"c40bc67032abfb643751d797444a9e98","role":"user"},{"line_uid":"local_921956963363062f1184fcbd4dd68564","username":"tester_1229","password_hash":"ef92b778bafe771e89245b89ecbc08a44a4e166c06659911881f383d4473e94f","session_token":"63a0332b622b5d59669fab962e068c86","role":"user"},{"line_uid":"test_raid_alice_1788058510992_3anwj2","username":"alice_1788058510992_3anwj2","password_hash":"h","session_token":"tok_alice_1788058510992_3anwj2","role":"user"},{"line_uid":"test_raid_bob_1788058510992_3anwj2","username":"bob_1788058510992_3anwj2","password_hash":"h","session_token":"tok_bob_1788058510992_3anwj2","role":"user"},{"line_uid":"test_raid_charlie_1788058510992_3anwj2","username":"charlie_1788058510992_3anwj2","password_hash":"h","session_token":"tok_charlie_1788058510992_3anwj2","role":"user"}]
[DB Query] Args: line_uid=test_raid_alice_1788058510992_3anwj2 (type: string), token=tok_alice_1788058510992_3anwj2 (type: string)
[DB Query] Match: {"line_uid":"test_raid_alice_1788058510992_3anwj2","username":"alice_1788058510992_3anwj2","password_hash":"h","session_token":"tok_alice_1788058510992_3anwj2","role":"user"}
[DB Load] Users count: 9, Players count: 9, Guilds count: 0
[DB Query] GET: SELECT * FROM players WHERE line_uid = ? | Args: ["test_raid_alice_1788058510992_3anwj2"]
[DB Load] Users count: 9, Players count: 9, Guilds count: 0
  ✓ Chặn đúng các trường hợp cướp nhà có khiên và tự cướp chính mình.

--- 5. Combat Scenario B: Raider Thua Vệ Binh (Lose Guard) ---
[DB Load] Users count: 9, Players count: 9, Guilds count: 0
[DB Load] Users count: 10, Players count: 9, Guilds count: 0
[DB Load] Users count: 10, Players count: 10, Guilds count: 0
[DB Load] Users count: 10, Players count: 10, Guilds count: 0
[DB Query] GET: SELECT * FROM users WHERE line_uid = ? AND session_token = ? | Args: ["test_raid_weak_1788058510992_3anwj2","tok_weak_1788058510992_3anwj2"]
[DB Query] Users list: [{"line_uid":"local_3def32ad1401ab2a919db0305181d5eb","username":"test","password_hash":"03ac674216f3e15c761ee1a5e255f067953623c8b388b4459e13f978d7c846f4","session_token":"ee21aa7fdded989a466fd7582762d48c","role":"user"},{"line_uid":"local_3085dceb09b40b20a725b61eb0105964","username":"admin","password_hash":"240be518fabd2724ddb6f04eeb1da5967448d7e831c08c8fa822809f74c720a9","session_token":"ac850833580ffdce8b1252f0c336c931","role":"user"},{"line_uid":"local_a84ede713aed3eadf4e998002e217217","username":"Test","password_hash":"03ac674216f3e15c761ee1a5e255f067953623c8b388b4459e13f978d7c846f4","session_token":"11103b88e8bf75a72607c60b3ea3fcf3","role":"user"},{"line_uid":"local_8e474cf3230c4f09fb05ba1f7eb9a20c","username":"test1","password_hash":"03ac674216f3e15c761ee1a5e255f067953623c8b388b4459e13f978d7c846f4","session_token":"c858998f94a2803479b3f35531410cc1","role":"user"},{"line_uid":"local_fa9f5a625c3592346b072d0b5dedb750","username":"tester_1308","password_hash":"ef92b778bafe771e89245b89ecbc08a44a4e166c06659911881f383d4473e94f","session_token":"c40bc67032abfb643751d797444a9e98","role":"user"},{"line_uid":"local_921956963363062f1184fcbd4dd68564","username":"tester_1229","password_hash":"ef92b778bafe771e89245b89ecbc08a44a4e166c06659911881f383d4473e94f","session_token":"63a0332b622b5d59669fab962e068c86","role":"user"},{"line_uid":"test_raid_alice_1788058510992_3anwj2","username":"alice_1788058510992_3anwj2","password_hash":"h","session_token":"tok_alice_1788058510992_3anwj2","role":"user"},{"line_uid":"test_raid_bob_1788058510992_3anwj2","username":"bob_1788058510992_3anwj2","password_hash":"h","session_token":"tok_bob_1788058510992_3anwj2","role":"user"},{"line_uid":"test_raid_charlie_1788058510992_3anwj2","username":"charlie_1788058510992_3anwj2","password_hash":"h","session_token":"tok_charlie_1788058510992_3anwj2","role":"user"},{"line_uid":"test_raid_weak_1788058510992_3anwj2","username":"weak_1788058510992_3anwj2","password_hash":"h","session_token":"tok_weak_1788058510992_3anwj2","role":"user"}]
[DB Query] Args: line_uid=test_raid_weak_1788058510992_3anwj2 (type: string), token=tok_weak_1788058510992_3anwj2 (type: string)
[DB Query] Match: {"line_uid":"test_raid_weak_1788058510992_3anwj2","username":"weak_1788058510992_3anwj2","password_hash":"h","session_token":"tok_weak_1788058510992_3anwj2","role":"user"}
[DB Load] Users count: 10, Players count: 10, Guilds count: 0
[DB Query] GET: SELECT * FROM players WHERE line_uid = ? | Args: ["test_raid_weak_1788058510992_3anwj2"]
[DB Load] Users count: 10, Players count: 10, Guilds count: 0
[DB Load] Users count: 10, Players count: 10, Guilds count: 0
[DB Query] GET: SELECT * FROM players WHERE line_uid = ? | Args: ["test_raid_weak_1788058510992_3anwj2"]
[DB Load] Users count: 10, Players count: 10, Guilds count: 0
[DB Query] GET: SELECT * FROM players WHERE line_uid = ? | Args: ["test_raid_charlie_1788058510992_3anwj2"]
[DB Load] Users count: 10, Players count: 10, Guilds count: 0
[DB Load] Users count: 10, Players count: 10, Guilds count: 0
  ✓ Weak raider thua dàn vệ binh (lose_guard) chính xác.

--- 6. Game Poll Integration & Raid Toast Notification ---
[DB Load] Users count: 10, Players count: 10, Guilds count: 0
[DB Query] GET: SELECT * FROM users WHERE line_uid = ? AND session_token = ? | Args: ["test_raid_bob_1788058510992_3anwj2","tok_bob_1788058510992_3anwj2"]
[DB Query] Users list: [{"line_uid":"local_3def32ad1401ab2a919db0305181d5eb","username":"test","password_hash":"03ac674216f3e15c761ee1a5e255f067953623c8b388b4459e13f978d7c846f4","session_token":"ee21aa7fdded989a466fd7582762d48c","role":"user"},{"line_uid":"local_3085dceb09b40b20a725b61eb0105964","username":"admin","password_hash":"240be518fabd2724ddb6f04eeb1da5967448d7e831c08c8fa822809f74c720a9","session_token":"ac850833580ffdce8b1252f0c336c931","role":"user"},{"line_uid":"local_a84ede713aed3eadf4e998002e217217","username":"Test","password_hash":"03ac674216f3e15c761ee1a5e255f067953623c8b388b4459e13f978d7c846f4","session_token":"11103b88e8bf75a72607c60b3ea3fcf3","role":"user"},{"line_uid":"local_8e474cf3230c4f09fb05ba1f7eb9a20c","username":"test1","password_hash":"03ac674216f3e15c761ee1a5e255f067953623c8b388b4459e13f978d7c846f4","session_token":"c858998f94a2803479b3f35531410cc1","role":"user"},{"line_uid":"local_fa9f5a625c3592346b072d0b5dedb750","username":"tester_1308","password_hash":"ef92b778bafe771e89245b89ecbc08a44a4e166c06659911881f383d4473e94f","session_token":"c40bc67032abfb643751d797444a9e98","role":"user"},{"line_uid":"local_921956963363062f1184fcbd4dd68564","username":"tester_1229","password_hash":"ef92b778bafe771e89245b89ecbc08a44a4e166c06659911881f383d4473e94f","session_token":"63a0332b622b5d59669fab962e068c86","role":"user"},{"line_uid":"test_raid_alice_1788058510992_3anwj2","username":"alice_1788058510992_3anwj2","password_hash":"h","session_token":"tok_alice_1788058510992_3anwj2","role":"user"},{"line_uid":"test_raid_bob_1788058510992_3anwj2","username":"bob_1788058510992_3anwj2","password_hash":"h","session_token":"tok_bob_1788058510992_3anwj2","role":"user"},{"line_uid":"test_raid_charlie_1788058510992_3anwj2","username":"charlie_1788058510992_3anwj2","password_hash":"h","session_token":"tok_charlie_1788058510992_3anwj2","role":"user"},{"line_uid":"test_raid_weak_1788058510992_3anwj2","username":"weak_1788058510992_3anwj2","password_hash":"h","session_token":"tok_weak_1788058510992_3anwj2","role":"user"}]
[DB Query] Args: line_uid=test_raid_bob_1788058510992_3anwj2 (type: string), token=tok_bob_1788058510992_3anwj2 (type: string)
[DB Query] Match: {"line_uid":"test_raid_bob_1788058510992_3anwj2","username":"bob_1788058510992_3anwj2","password_hash":"h","session_token":"tok_bob_1788058510992_3anwj2","role":"user"}
[DB Load] Users count: 10, Players count: 10, Guilds count: 0
[DB Query] GET: SELECT * FROM players WHERE line_uid = ? | Args: ["test_raid_bob_1788058510992_3anwj2"]
[DB Load] Users count: 10, Players count: 10, Guilds count: 0
[DB Load] Users count: 10, Players count: 10, Guilds count: 0
[DB Query] GET: SELECT * FROM users WHERE line_uid = ? AND session_token = ? | Args: ["test_raid_bob_1788058510992_3anwj2","tok_bob_1788058510992_3anwj2"]
[DB Query] Users list: [{"line_uid":"local_3def32ad1401ab2a919db0305181d5eb","username":"test","password_hash":"03ac674216f3e15c761ee1a5e255f067953623c8b388b4459e13f978d7c846f4","session_token":"ee21aa7fdded989a466fd7582762d48c","role":"user"},{"line_uid":"local_3085dceb09b40b20a725b61eb0105964","username":"admin","password_hash":"240be518fabd2724ddb6f04eeb1da5967448d7e831c08c8fa822809f74c720a9","session_token":"ac850833580ffdce8b1252f0c336c931","role":"user"},{"line_uid":"local_a84ede713aed3eadf4e998002e217217","username":"Test","password_hash":"03ac674216f3e15c761ee1a5e255f067953623c8b388b4459e13f978d7c846f4","session_token":"11103b88e8bf75a72607c60b3ea3fcf3","role":"user"},{"line_uid":"local_8e474cf3230c4f09fb05ba1f7eb9a20c","username":"test1","password_hash":"03ac674216f3e15c761ee1a5e255f067953623c8b388b4459e13f978d7c846f4","session_token":"c858998f94a2803479b3f35531410cc1","role":"user"},{"line_uid":"local_fa9f5a625c3592346b072d0b5dedb750","username":"tester_1308","password_hash":"ef92b778bafe771e89245b89ecbc08a44a4e166c06659911881f383d4473e94f","session_token":"c40bc67032abfb643751d797444a9e98","role":"user"},{"line_uid":"local_921956963363062f1184fcbd4dd68564","username":"tester_1229","password_hash":"ef92b778bafe771e89245b89ecbc08a44a4e166c06659911881f383d4473e94f","session_token":"63a0332b622b5d59669fab962e068c86","role":"user"},{"line_uid":"test_raid_alice_1788058510992_3anwj2","username":"alice_1788058510992_3anwj2","password_hash":"h","session_token":"tok_alice_1788058510992_3anwj2","role":"user"},{"line_uid":"test_raid_bob_1788058510992_3anwj2","username":"bob_1788058510992_3anwj2","password_hash":"h","session_token":"tok_bob_1788058510992_3anwj2","role":"user"},{"line_uid":"test_raid_charlie_1788058510992_3anwj2","username":"charlie_1788058510992_3anwj2","password_hash":"h","session_token":"tok_charlie_1788058510992_3anwj2","role":"user"},{"line_uid":"test_raid_weak_1788058510992_3anwj2","username":"weak_1788058510992_3anwj2","password_hash":"h","session_token":"tok_weak_1788058510992_3anwj2","role":"user"}]
[DB Query] Args: line_uid=test_raid_bob_1788058510992_3anwj2 (type: string), token=tok_bob_1788058510992_3anwj2 (type: string)
[DB Query] Match: {"line_uid":"test_raid_bob_1788058510992_3anwj2","username":"bob_1788058510992_3anwj2","password_hash":"h","session_token":"tok_bob_1788058510992_3anwj2","role":"user"}
[DB Load] Users count: 10, Players count: 10, Guilds count: 0
[DB Query] GET: SELECT * FROM players WHERE line_uid = ? | Args: ["test_raid_bob_1788058510992_3anwj2"]
  ✓ Game poll trả về araid quota và phát toast thông báo raidpop chuẩn xác.

--- 7. Atomic Snapshot Rollback on Error ---
[DB Load] Users count: 10, Players count: 10, Guilds count: 0
[DB Load] Users count: 10, Players count: 10, Guilds count: 0
[DB Query] GET: SELECT * FROM users WHERE line_uid = ? AND session_token = ? | Args: ["test_raid_alice_1788058510992_3anwj2","tok_alice_1788058510992_3anwj2"]
[DB Query] Users list: [{"line_uid":"local_3def32ad1401ab2a919db0305181d5eb","username":"test","password_hash":"03ac674216f3e15c761ee1a5e255f067953623c8b388b4459e13f978d7c846f4","session_token":"ee21aa7fdded989a466fd7582762d48c","role":"user"},{"line_uid":"local_3085dceb09b40b20a725b61eb0105964","username":"admin","password_hash":"240be518fabd2724ddb6f04eeb1da5967448d7e831c08c8fa822809f74c720a9","session_token":"ac850833580ffdce8b1252f0c336c931","role":"user"},{"line_uid":"local_a84ede713aed3eadf4e998002e217217","username":"Test","password_hash":"03ac674216f3e15c761ee1a5e255f067953623c8b388b4459e13f978d7c846f4","session_token":"11103b88e8bf75a72607c60b3ea3fcf3","role":"user"},{"line_uid":"local_8e474cf3230c4f09fb05ba1f7eb9a20c","username":"test1","password_hash":"03ac674216f3e15c761ee1a5e255f067953623c8b388b4459e13f978d7c846f4","session_token":"c858998f94a2803479b3f35531410cc1","role":"user"},{"line_uid":"local_fa9f5a625c3592346b072d0b5dedb750","username":"tester_1308","password_hash":"ef92b778bafe771e89245b89ecbc08a44a4e166c06659911881f383d4473e94f","session_token":"c40bc67032abfb643751d797444a9e98","role":"user"},{"line_uid":"local_921956963363062f1184fcbd4dd68564","username":"tester_1229","password_hash":"ef92b778bafe771e89245b89ecbc08a44a4e166c06659911881f383d4473e94f","session_token":"63a0332b622b5d59669fab962e068c86","role":"user"},{"line_uid":"test_raid_alice_1788058510992_3anwj2","username":"alice_1788058510992_3anwj2","password_hash":"h","session_token":"tok_alice_1788058510992_3anwj2","role":"user"},{"line_uid":"test_raid_bob_1788058510992_3anwj2","username":"bob_1788058510992_3anwj2","password_hash":"h","session_token":"tok_bob_1788058510992_3anwj2","role":"user"},{"line_uid":"test_raid_charlie_1788058510992_3anwj2","username":"charlie_1788058510992_3anwj2","password_hash":"h","session_token":"tok_charlie_1788058510992_3anwj2","role":"user"},{"line_uid":"test_raid_weak_1788058510992_3anwj2","username":"weak_1788058510992_3anwj2","password_hash":"h","session_token":"tok_weak_1788058510992_3anwj2","role":"user"}]
[DB Query] Args: line_uid=test_raid_alice_1788058510992_3anwj2 (type: string), token=tok_alice_1788058510992_3anwj2 (type: string)
[DB Query] Match: {"line_uid":"test_raid_alice_1788058510992_3anwj2","username":"alice_1788058510992_3anwj2","password_hash":"h","session_token":"tok_alice_1788058510992_3anwj2","role":"user"}
[DB Load] Users count: 10, Players count: 10, Guilds count: 0
[DB Query] GET: SELECT * FROM players WHERE line_uid = ? | Args: ["test_raid_alice_1788058510992_3anwj2"]
[DB Load] Users count: 10, Players count: 10, Guilds count: 0
[DB Load] Users count: 10, Players count: 10, Guilds count: 0
[DB Query] GET: SELECT * FROM players WHERE line_uid = ? | Args: ["test_raid_alice_1788058510992_3anwj2"]
[DB Load] Users count: 10, Players count: 10, Guilds count: 0
[DB Query] GET: SELECT * FROM players WHERE line_uid = ? | Args: ["test_raid_charlie_1788058510992_3anwj2"]
[DB Load] Users count: 10, Players count: 10, Guilds count: 0
  ✓ Rollback snapshot nguyên tử khi lỗi đĩa thành công 100%.

🎉 TẤT CẢ 7 BỘ KIỂM THỬ HỆ THỐNG RAID ĐỀU ĐẠT CHUẨN (PASS 100%)!
Lỗi Raid route: Error: Simulated disk error during raid
    at db.save (E:\game\ragnalok-private-server\tests\test_raid_system.js:291:13)
    at Object.run (E:\game\ragnalok-private-server\server\db\queries.js:95:16)
    at RaidManager.executeRaid (E:\game\ragnalok-private-server\server\game\RaidManager.js:367:70)
    at E:\game\ragnalok-private-server\server\routes\raid.js:83:38
    at process.processTicksAndRejections (node:internal/process/task_queues:104:5)
[DB Load] Users count: 10, Players count: 10, Guilds count: 0
🧹 Đã dọn dẹp sạch sẽ toàn bộ test records khỏi database!
[WorldManager] Spawning hourly MVP bosses...
[WorldManager] Spawning hourly MVP bosses...
[WorldManager] Spawning hourly MVP bosses...
